Archive member included to satisfy reference by file (symbol)

../../../../cpu/bd19/liba/cpu.a(crc16.c.o)
                              obj/Release/cpu/bd19/setup.o (symbol from plugin) (__crc16_mutex_init)
../../../../cpu/bd19/liba/cpu.a(uart.c.o)
                              obj/Release/cpu/bd19/adc_api.o (symbol from plugin) (delay)
../../../../cpu/bd19/liba/cpu.a(clock.c.o)
                              obj/Release/cpu/bd19/setup.o (symbol from plugin) (clock_dump)
../../../../cpu/bd19/liba/cpu.a(gpio.c.o)
                              obj/Release/apps/hid/board/bd19/board_ac632n_demo.o (symbol from plugin) (usb1_iomode)
../../../../cpu/bd19/liba/cpu.a(timer.c.o)
                              obj/Release/apps/common/device/key/key_driver.o (symbol from plugin) (timer_get_ms)
../../../../cpu/bd19/liba/cpu.a(usb.c.o)
                              obj/Release/apps/common/device/usb/usb_config.o (symbol from plugin) (usb_sofie_enable)
../../../../cpu/bd19/liba/cpu.a(wdt.c.o)
                              obj/Release/cpu/bd19/ledc.o (symbol from plugin) (wdt_clear)
../../../../cpu/bd19/liba/cpu.a(efuse.c.o)
                              obj/Release/cpu/bd19/charge.o (symbol from plugin) (get_vbat_trim)
../../../../cpu/bd19/liba/cpu.a(debug.c.o)
                              obj/Release/apps/common/device/usb/device/msd_upgrade.o (symbol from plugin) (ram_protect_close)
../../../../cpu/bd19/liba/cpu.a(vm.c.o)
                              obj/Release/apps/common/third_party_profile/common/custom_cfg.o (symbol from plugin) (sfc_read)
../../../../cpu/bd19/liba/cpu.a(p33.c.o)
                              obj/Release/cpu/bd19/adc_api.o (symbol from plugin) (adc_pmu_ch_select)
../../../../cpu/bd19/liba/cpu.a(power_hw.c.o)
                              timer.c.o (symbol from plugin) (low_power_sys_get)
../../../../cpu/bd19/liba/cpu.a(power_wakeup.c.o)
                              power_hw.c.o (symbol from plugin) (p33_wakeup_irq_handler)
../../../../cpu/bd19/liba/cpu.a(rtc.c.o)
                              power_hw.c.o (symbol from plugin) (rtc_wakup_source)
../../../../cpu/bd19/liba/cpu.a(pmu_calibrate.c.o)
                              obj/Release/cpu/bd19/adc_api.o (symbol from plugin) (get_wvdd_trim_level)
../../../../cpu/bd19/liba/cpu.a(otg.c.o)
                              obj/Release/apps/common/device/usb/usb_config.o (symbol from plugin) (usb_otg_suspend)
../../../../cpu/bd19/liba/cpu.a(usb_phy.c.o)
                              obj/Release/apps/common/device/usb/usb_config.o (symbol from plugin) (usb_read_sofframe)
../../../../cpu/bd19/liba/cpu.a(usb_setup.c.o)
                              obj/Release/apps/common/device/usb/usb_config.o (symbol from plugin) (usb_device2id)
../../../../cpu/bd19/liba/cpu.a(descriptor.c.o)
                              usb_setup.c.o (symbol from plugin) (get_device_descriptor)
../../../../cpu/bd19/liba/cpu.a(startup.S.o)
                              (_start)
../../../../cpu/bd19/liba/cpu.a(encryption.c.o)
                              vm.c.o (symbol from plugin) (doe)
../../../../cpu/bd19/liba/cpu.a(lp_timer_hw.c.o)
                              power_hw.c.o (symbol from plugin) (__lp_timer_dump)
../../../../cpu/bd19/liba/cpu.a(lrc_hw.c.o)
                              power_hw.c.o (symbol from plugin) (__get_lrc_hz)
../../../../cpu/bd19/liba/system.a(app_core.c.o)
                              obj/Release/apps/hid/app_main.o (symbol from plugin) (start_app)
../../../../cpu/bd19/liba/system.a(circular_buf.c.o)
                              obj/Release/apps/hid/modules/bt/edr_hid_user.o (symbol from plugin) (cbuf_read)
../../../../cpu/bd19/liba/system.a(syscfg_api.c.o)
                              obj/Release/apps/hid/examples/keyboard/app_keyboard.o (symbol from plugin) (syscfg_read)
../../../../cpu/bd19/liba/system.a(sbrk.c.o)
                              obj/Release/cpu/bd19/setup.o (symbol from plugin) (memory_init)
../../../../cpu/bd19/liba/system.a(port_overwrite.c.o)
                              ../../../../cpu/bd19/liba/cpu.a(startup.S.o) (maskrom_init)
../../../../cpu/bd19/liba/system.a(heap_mmu.c.o)
                              sbrk.c.o (symbol from plugin) (vStackMemoryInit)
../../../../cpu/bd19/liba/system.a(hwi.c.o)
                              obj/Release/cpu/bd19/adc_api.o (symbol from plugin) (request_irq)
../../../../cpu/bd19/liba/system.a(memory.c.o)
                              obj/Release/apps/common/third_party_profile/common/custom_cfg.o (symbol from plugin) (malloc)
../../../../cpu/bd19/liba/system.a(device_api.c.o)
                              obj/Release/apps/hid/board/bd19/board_ac632n_demo.o (symbol from plugin) (devices_init)
../../../../cpu/bd19/liba/system.a(event.c.o)
                              obj/Release/cpu/bd19/charge.o (symbol from plugin) (sys_event_notify)
../../../../cpu/bd19/liba/system.a(sdfile_new.c.o)
[...]
Memory Configuration

Name             Origin             Length             Attributes
code0            0x01e00120         0x00100000         xr
ram0             0x00000000         0x0000fb60         xrw
*default*        0x00000000         0xffffffff

Linker script and memory map

LOAD obj/Release/cpu/bd19/adc_api.o
LOAD ..\..\..\..\cpu\bd19\tools\sdk.elf.o
LOAD obj/Release/cpu/bd19/charge.o
LOAD obj/Release/cpu/bd19/chargestore.o
LOAD obj/Release/cpu/bd19/handshake_timer.o
LOAD obj/Release/cpu/bd19/iic_hw.o
LOAD obj/Release/cpu/bd19/iic_soft.o
LOAD obj/Release/cpu/bd19/irflt.o
LOAD obj/Release/cpu/bd19/ledc.o
LOAD obj/Release/cpu/bd19/ledc_test.o
LOAD obj/Release/cpu/bd19/mcpwm.o
LOAD obj/Release/cpu/bd19/plcnt.o
LOAD obj/Release/cpu/bd19/pwm_led.o
LOAD obj/Release/cpu/bd19/setup.o
LOAD obj/Release/cpu/bd19/spi.o
LOAD obj/Release/cpu/bd19/uart_dev.o
LOAD obj/Release/cpu/user/user_project.o
LOAD obj/Release/apps/common/code_switch/code_switch.o
LOAD obj/Release/apps/common/debug/debug.o
LOAD obj/Release/apps/common/device/key/adkey.o
LOAD obj/Release/apps/common/device/key/ctmu_touch_key.o
LOAD obj/Release/apps/common/device/key/iokey.o
LOAD obj/Release/apps/common/device/key/key_driver.o
LOAD obj/Release/apps/common/device/key/matrix_keyboard.o
LOAD obj/Release/apps/common/device/key/matrix_keyboard_ex_mcu.o
LOAD obj/Release/apps/common/device/key/touch_key.o
LOAD obj/Release/apps/common/device/optical_mouse_sensor/hal3205/hal3205.o
LOAD obj/Release/apps/common/device/optical_mouse_sensor/hal3212/hal3212.o
LOAD obj/Release/apps/common/device/optical_mouse_sensor/OMSensor_manage.o
LOAD obj/Release/apps/common/device/touch_pad/SYD9557M.o
LOAD obj/Release/apps/common/device/usb/device/cdc.o
LOAD obj/Release/apps/common/device/usb/device/descriptor.o
LOAD obj/Release/apps/common/device/usb/device/hid.o
LOAD obj/Release/apps/common/device/usb/device/msd.o
LOAD obj/Release/apps/common/device/usb/device/msd_upgrade.o
LOAD obj/Release/apps/common/device/usb/device/task_pc.o
LOAD obj/Release/apps/common/device/usb/device/uac1.o
LOAD obj/Release/apps/common/device/usb/device/uac_stream.o
LOAD obj/Release/apps/common/device/usb/device/usb_device.o
LOAD obj/Release/apps/common/device/usb/device/user_setup.o
LOAD obj/Release/apps/common/device/usb/host/adb.o
LOAD obj/Release/apps/common/device/usb/host/aoa.o
LOAD obj/Release/apps/common/device/usb/host/audio.o
LOAD obj/Release/apps/common/device/usb/host/audio_demo.o
LOAD obj/Release/apps/common/device/usb/host/hid.o
LOAD obj/Release/apps/common/device/usb/host/usb_bulk_transfer.o
LOAD obj/Release/apps/common/device/usb/host/usb_ctrl_transfer.o
LOAD obj/Release/apps/common/device/usb/host/usb_host.o
LOAD obj/Release/apps/common/device/usb/host/usb_storage.o
LOAD obj/Release/apps/common/device/usb/usb_config.o
LOAD obj/Release/apps/common/device/usb/usb_host_config.o
LOAD obj/Release/apps/common/ex_mcu/ex_mcu_uart.o
LOAD obj/Release/apps/common/third_party_profile/common/custom_cfg.o
LOAD obj/Release/apps/common/third_party_profile/jieli/gatt_common/le_gatt_client.o
LOAD obj/Release/apps/common/third_party_profile/jieli/gatt_common/le_gatt_common.o
LOAD obj/Release/apps/common/third_party_profile/jieli/gatt_common/le_gatt_server.o
LOAD obj/Release/apps/common/third_party_profile/jieli/JL_rcsp/rcsp_bluetooth.o
LOAD obj/Release/apps/common/third_party_profile/jieli/JL_rcsp/rcsp_updata/rcsp_ch_loader_download.o
LOAD obj/Release/apps/common/third_party_profile/jieli/JL_rcsp/rcsp_updata/rcsp_user_update.o
LOAD obj/Release/apps/common/update/testbox_update.o
LOAD obj/Release/apps/common/update/uart_update.o
LOAD obj/Release/apps/common/update/uart_update_master.o
LOAD obj/Release/apps/common/update/update.o
LOAD obj/Release/apps/hid/app_main.o
LOAD obj/Release/apps/hid/config/lib_btctrler_config.o
LOAD obj/Release/apps/hid/config/lib_btstack_config.o
LOAD obj/Release/apps/hid/config/lib_driver_config.o
LOAD obj/Release/apps/hid/config/lib_profile_config.o
LOAD obj/Release/apps/hid/config/lib_system_config.o
LOAD obj/Release/apps/hid/config/lib_update_config.o
LOAD obj/Release/apps/hid/config/log_config.o
LOAD obj/Release/apps/hid/examples/gamebox/app_gamebox.o
LOAD obj/Release/apps/hid/examples/gamebox/gamebox.o
LOAD obj/Release/apps/hid/examples/gamebox/key_mapping.o
LOAD obj/Release/apps/hid/examples/idle/app_idle.o
LOAD obj/Release/apps/hid/examples/keyboard/app_keyboard.o
LOAD obj/Release/apps/hid/examples/keyfob/app_keyfob.o
LOAD obj/Release/apps/hid/examples/keypage/app_keypage.o
LOAD obj/Release/apps/hid/examples/mouse_dual/app_mouse_dual.o
LOAD obj/Release/apps/hid/examples/mouse_single/app_mouse.o
LOAD obj/Release/apps/hid/examples/standard_keyboard/app_standard_keyboard.o
LOAD obj/Release/apps/hid/examples/standard_keyboard/usb_hid_devices.o
LOAD obj/Release/apps/hid/examples/voice_remote_control/app_remote_control.o
LOAD obj/Release/apps/hid/modules/bt/app_comm_ble.o
LOAD obj/Release/apps/hid/modules/bt/app_comm_edr.o
LOAD obj/Release/apps/hid/modules/bt/ble_hogp.o
LOAD obj/Release/apps/hid/modules/bt/edr_hid_user.o
LOAD obj/Release/apps/hid/modules/misc.o
LOAD obj/Release/apps/hid/modules/power/app_charge.o
LOAD obj/Release/apps/hid/modules/power/app_chargestore.o
LOAD obj/Release/apps/hid/modules/power/app_handshake.o
LOAD obj/Release/apps/hid/modules/power/app_power_manage.o
LOAD obj/Release/apps/hid/modules/rtc_alarm.o
LOAD obj/Release/apps/hid/modules/user_cfg.o
LOAD obj/Release/apps/hid/version.o
LOAD obj/Release/apps/hid/board/bd19/board_ac6321a_demo.o
LOAD obj/Release/apps/hid/board/bd19/board_ac6321a_mouse.o
LOAD obj/Release/apps/hid/board/bd19/board_ac6321a_stand_keyboard.o
LOAD obj/Release/apps/hid/board/bd19/board_ac6323a_demo.o
LOAD obj/Release/apps/hid/board/bd19/board_ac6328a_keyfob.o
LOAD obj/Release/apps/hid/board/bd19/board_ac6328b_demo.o
LOAD obj/Release/apps/hid/board/bd19/board_ac6329b_demo.o
LOAD obj/Release/apps/hid/board/bd19/board_ac6329c_demo.o
LOAD obj/Release/apps/hid/board/bd19/board_ac6329e_demo.o
LOAD obj/Release/apps/hid/board/bd19/board_ac6329f_demo.o
LOAD obj/Release/apps/hid/board/bd19/board_ac632n_demo.o
START GROUP
LOAD ../../../../cpu/bd19/liba/cpu.a
LOAD ../../../../cpu/bd19/liba/system.a
LOAD ../../../../cpu/bd19/liba/btstack.a
LOAD ../../../../cpu/bd19/liba/btctrler.a
LOAD ../../../../cpu/bd19/liba/agreement.a
LOAD ../../../../cpu/bd19/liba/rcsp_stack.a
LOAD ../../../../cpu/bd19/liba/update.a
END GROUP
                0x00106d98                local_irq_enable = 0x106d98
                0x00106d9c                local_irq_disable = 0x106d9c
                0x00106da0                lp_signature_set = 0x106da0
                0x00106da4                os_init = 0x106da4
                0x00106da8                os_start = 0x106da8
                0x00106dac                os_get_curr_tcb_var = 0x106dac
                0x00106db0                os_task_create_rom = 0x106db0
                0x00106db4                os_current_task_rom = 0x106db4
                0x00106db8                os_time_dly = 0x106db8
                0x00106dbc                os_time_get = 0x106dbc
                0x00106dc0                os_task_del_req = 0x106dc0
                0x00106dc4                os_task_del_res = 0x106dc4
                0x00106dc8                os_task_del = 0x106dc8
                0x00106dcc                __os_taskq_pend = 0x106dcc
                0x00106dd0                os_taskq_pend = 0x106dd0
                0x00106dd4                os_task_pend = 0x106dd4
                0x00106dd8                __os_taskq_post = 0x106dd8
                0x00106ddc                os_taskq_post = 0x106ddc
                0x00106de0                os_taskq_post_type = 0x106de0
                0x00106de4                os_taskq_flush = 0x106de4
                0x00106de8                task_queue_post_event = 0x106de8
                0x00106dec                os_taskq_post_msg = 0x106dec
                0x00106df0                os_taskq_post_event = 0x106df0
                0x00106df4                os_taskq_accept = 0x106df4
                0x00106df8                os_taskq_del = 0x106df8
                0x00106dfc                os_taskq_del_type = 0x106dfc
                0x00106e00                os_sem_create = 0x106e00
                0x00106e04                os_sem_del = 0x106e04
                0x00106e08                os_sem_pend = 0x106e08
                0x00106e0c                os_sem_post = 0x106e0c
                0x00106e10                os_sem_set = 0x106e10
                0x00106e14                os_sem_valid = 0x106e14
                0x00106e18                os_sem_query = 0x106e18
                0x00106e1c                os_mutex_create = 0x106e1c
                0x00106e20                os_mutex_del = 0x106e20
                0x00106e24                os_mutex_pend = 0x106e24
                0x00106e28                os_mutex_post = 0x106e28
                0x00106e2c                os_mutex_valid = 0x106e2c
                0x00106e30                xTaskCreate = 0x106e30
                0x00106e34                xTaskGetCurrentTaskHandle = 0x106e34
                0x00106e38                xTaskGetTickCount = 0x106e38
                0x00106e3c                xTaskGetHandle = 0x106e3c
                0x00106e40                vTaskDelete = 0x106e40
                0x00106e44                xTaskGetApplicationTaskTag = 0x106e44
                0x00106e48                vTaskSetApplicationTaskTag = 0x106e48
                0x00106e4c                xQueueGenericCreateStatic = 0x106e4c
                0x00106e50                xQueueGenericReset = 0x106e50
                0x00106e54                xQueueGenericSend = 0x106e54
                0x00106e58                xQueueGenericSendFromISR = 0x106e58
                0x00106e5c                xQueueGenericReceive = 0x106e5c
                0x00106e60                xQueueReceiveFromISR = 0x106e60
                0x00106e64                vQueueDelete = 0x106e64
                0x00106e68                uxQueueMessagesWaiting = 0x106e68
                0x00106e6c                uxQueueMessagesWaitingFromISR = 0x106e6c
                0x00106e70                uxQueueSpacesAvailable = 0x106e70
                0x00106e74                pcTaskGetName = 0x106e74
                0x00106e78                prvGetExpectedIdleTime = 0x106e78
                0x00106e7c                eTaskConfirmSleepModeStatus = 0x106e7c
                0x00106e80                vTaskStepTick = 0x106e80
                0x00106e84                pxPortInitialiseStack = 0x106e84
                0x00106e88                xPortStartScheduler = 0x106e88
                0x00106e8c                vPortEndScheduler = 0x106e8c
                0x00106e90                vPortYield = 0x106e90
                0x00106e94                vPortExitCritical = 0x106e94
                0x00106e98                OS_ClrPending = 0x106e98
                0x00106e9c                vTickISR = 0x106e9c
                0x00106ea0                pmalloc_init = 0x106ea0
                0x00106ea4                pmalloc = 0x106ea4
                0x00106ea8                pfree = 0x106ea8
                0x00106eac                pmalloc_get_unused_pages = 0x106eac
                0x00106eb0                get_physic_address = 0x106eb0
                0x00106eb4                pmm_get_var = 0x106eb4
                0x00106eb8                vmm_init_ = 0x106eb8
                0x00106ebc                vmalloc_ = 0x106ebc
                0x00106ec0                vfree_ = 0x106ec0
                0x00106ec4                vmem_get_phy_adr = 0x106ec4
                0x00106ec8                vmem_start = 0x106ec8
                0x00106ecc                vmem_end = 0x106ecc
                0x00106ed0                vmm_get_var = 0x106ed0
                0x00106ed4                vmalloc_v2 = 0x106ed4
                0x00106ed8                vfree_v2 = 0x106ed8
                0x00106edc                vcopy_ = 0x106edc
                0x00106ee0                memmem = 0x106ee0
                0x00106ee4                memcpy = 0x106ee4
                0x00106ee8                memmove = 0x106ee8
                0x00106eec                memcmp = 0x106eec
                0x00106ef0                memset = 0x106ef0
                0x00106ef4                strcmp = 0x106ef4
                0x00106ef8                strcpy = 0x106ef8
                0x00106efc                strlen = 0x106efc
                0x00106f00                strncmp = 0x106f00
                0x00106f04                strstr = 0x106f04
                0x00106f08                strchr = 0x106f08
                0x00106f0c                IcuInitial = 0x106f0c
                0x00106f10                DcuInitial = 0x106f10
                0x00106f14                IcuCmdKst = 0x106f14
                0x00106f18                DcuCmdKst = 0x106f18
                0x00106f1c                IcuCmdSend = 0x106f1c
                0x00106f20                DcuCmdSend = 0x106f20
                0x00106f28                sfc_resume = 0x106f28
                0x00106f2c                sfc_drop_cache = 0x106f2c
                0x00106f30                chip_crc16 = 0x106f30
                0x00106f34                CrcDecode = 0x106f34
                0x00106f38                mask_init = 0x106f38
                0x00106f3c                wdt_clr = 0x106f3c
                0x00106f40                nvram_set_boot_state = 0x106f40
                0x00106f44                chip_reset = 0x106f44
                0x00106f48                the_debug_isr = 0x106f48
                0x00106f4c                doe = 0x106f4c
                0x00106f50                _pll_init = 0x106f50
                0x00106f54                flash_poweron = 0x106f54
                0x00106f58                spi_unmount = 0x106f58
                0x00106f5c                spi_port_io_init = 0x106f5c
                0x00106f60                LZ4_setStreamDecode = 0x106f60
                0x00106f64                LZ4_decompress_safe_continue = 0x106f64
                0x00106f68                LZ4_decompress_safe_usingDict = 0x106f68
                0x00106f6c                _sdk_mkey_lock = 0x106f6c
                0x00106f70                g_hash_function = 0x106f70
                0x00106f74                f1_hash_function = 0x106f74
                0x00106f78                f2_hash_function = 0x106f78
                0x00106f7c                f3_hash_function = 0x106f7c
                0x00106f80                h2_hash_function = 0x106f80
                0x00106f84                h3_hash_function = 0x106f84
                0x00106f88                h4_hash_function = 0x106f88
                0x00106f8c                h5_hash_function = 0x106f8c
                0x00106f90                g_function = 0x106f90
                0x00106f94                f1_function = 0x106f94
                0x00106f98                f2_function = 0x106f98
                0x00106f9c                f3_function = 0x106f9c
                0x00106fa0                sha256Compute = 0x106fa0
                0x00106fa4                uECC_compute_public_key = 0x106fa4
                0x00106fa8                uECC_valid_public_key = 0x106fa8
                0x00106fac                uECC_make_key = 0x106fac
                0x00106fb0                uECC_shared_secret = 0x106fb0
                0x00106fb4                bi_initialize = 0x106fb4
                0x00106fb8                bi_read_from_byte = 0x106fb8
                0x00106fbc                bi_poly_mod2 = 0x106fbc
                0x00106fc0                bi_poly_mul = 0x106fc0
                0x00106fc4                trim = 0x106fc4
                0x00106fc8                bi_wirte_to_byte = 0x106fc8
                0x00106fcc                bi_free = 0x106fcc
                0x00106fd0                bi_terminate = 0x106fd0
                0x00106fd4                uECC_vli_isZero = 0x106fd4
                0x00106fd8                uECC_vli_modSquare_fast = 0x106fd8
                0x00106fdc                uECC_vli_modMult_fast = 0x106fdc
                0x00106fe0                uECC_vli_modAdd = 0x106fe0
                0x00106fe4                uECC_vli_modSub = 0x106fe4
                0x00106fe8                uECC_vli_testBit = 0x106fe8
                0x00106fec                uECC_vli_add = 0x106fec
                0x00106ff0                uECC_vli_rshift1 = 0x106ff0
                0x00106ff4                uECC_vli_set = 0x106ff4
                0x00106ff8                uECC_vli_sub = 0x106ff8
                0x00106ffc                uECC_vli_cmp_unsafe = 0x106ffc
                0x0000fc00                boot_arg_list = 0xfc00
                0x0000ff00                _IRQ_MEM_ADDR = 0xff00
                0x0000fbe0                _MASK_MEM_BEGIN = 0xfbe0
                0x00000294                _MASK_MEM_SIZE = 0x294
                0x00000080                UPDATA_SIZE = 0x80
                0x0000fb60                UPDATA_BEG = (_MASK_MEM_BEGIN - UPDATA_SIZE)
                0x0000eb60                UPDATA_BREDR_BASE_BEG = 0xeb60
                0x00000000                RAM_LIMIT_L = 0x0
                0x0000fb60                RAM_LIMIT_H = UPDATA_BEG
                0x0000fb60                PHY_RAM_SIZE = (RAM_LIMIT_H - RAM_LIMIT_L)
                0x0000ff00                ISR_BASE = _IRQ_MEM_ADDR
                0x00000294                ROM_RAM_SIZE = _MASK_MEM_SIZE
                0x0000fbe0                ROM_RAM_BEG = _MASK_MEM_BEGIN
                0x00000000                RAM0_BEG = RAM_LIMIT_L
                0x0000fb60                RAM0_END = RAM_LIMIT_H
                0x0000fb60                RAM0_SIZE = (RAM0_END - RAM0_BEG)
                0x01e00120                CODE_BEG = 0x1e00120
                0x01e00120                . = ORIGIN (code0)

.text           0x01e00120    0x23d54
                [!provide]                PROVIDE (text_rodata_begin, .)
 *(.entry_text)
 *(.startup.text)
 .startup.text  0x01e00120      0x13c ../../../../cpu/bd19/liba/cpu.a(startup.S.o)
                0x01e00120                _start
                0x01e001d0                __BT_UPDATA_JUMP
 *(.text)
 .text          0x01e0025c     0x636c ..\..\..\..\cpu\bd19\tools\sdk.elf.o
                0x01e0152c                update_result_get
                0x01e01566                __errno
                0x01e02cce                lib_btstack_version
                0x01e02cd2                lib_media_version
                0x01e032a4                exception_analyze
 .text          0x01e065c8       0x26 C:\JL\pi32\q32s-lib\libcompiler-rt.a(ashldi3.o)
                0x01e065c8                __ashldi3
 .text          0x01e065ee       0x28 C:\JL\pi32\q32s-lib\libcompiler-rt.a(lshrdi3.o)
                0x01e065ee                __lshrdi3
 .text          0x01e06616      0x16a C:\JL\pi32\q32s-lib\libcompiler-rt.a(addsf3.o)
                0x01e06616                __addsf3
 .text          0x01e06780       0x4c C:\JL\pi32\q32s-lib\libcompiler-rt.a(fixsfsi.o)
                0x01e06780                __fixsfsi
 .text          0x01e067cc       0x30 C:\JL\pi32\q32s-lib\libcompiler-rt.a(fixunsdfsi.o)
                0x01e067cc                __fixunsdfsi
 .text          0x01e067fc       0x60 C:\JL\pi32\q32s-lib\libcompiler-rt.a(floatsisf.o)
                0x01e067fc                __floatsisf
 .text          0x01e0685c       0x2c C:\JL\pi32\q32s-lib\libcompiler-rt.a(floatunsidf.o)
                0x01e0685c                __floatunsidf
 .text          0x01e06888       0x54 C:\JL\pi32\q32s-lib\libcompiler-rt.a(floatunsisf.o)
                0x01e06888                __floatunsisf
 .text          0x01e068dc      0x29c C:\JL\pi32\q32s-lib\libcompiler-rt.a(muldf3.o)
                0x01e068dc                __muldf3
 .text          0x01e06b78       0x36 C:\JL\pi32\q32s-lib\libcompiler-rt.a(muldi3.o)
                0x01e06b78                __muldi3
 .text          0x01e06bae        0x8 C:\JL\pi32\q32s-lib\libcompiler-rt.a(subsf3.o)
                0x01e06bae                __subsf3
 .text          0x01e06bb6       0x10 C:\JL\pi32\q32s-lib\libcompiler-rt.a(udivdi3.o)
                0x01e06bb6                __udivdi3
 .text          0x01e06bc6      0x1f8 C:\JL\pi32\q32s-lib\libcompiler-rt.a(udivmoddi4.o)
                0x01e06bc6                __udivmoddi4
 .text          0x01e06dbe       0x14 C:\JL\pi32\q32s-lib\libcompiler-rt.a(umoddi3.o)
                0x01e06dbe                __umoddi3
                0x01e06dd2                btstack_code_start = .
                0x01e06dd4                . = ALIGN (0x4)
 *fill*         0x01e06dd2        0x2 
                0x01e06dd4                a2dp_source_media_codec_begin = .
 *(.a2dp_source_media_codec)
                0x01e06dd4                a2dp_source_media_codec_end = .
                0x01e06dd4                a2dp_sink_media_probe_begin = .
 *(.a2dp_sink_media_probe)
                0x01e06dd4                a2dp_sink_media_probe_end = .
                0x01e06dd4                a2dp_sink_media_codec_begin = .
 *(.a2dp_sink_media_codec)
                0x01e06dd4                a2dp_sink_media_codec_end = .
                0x01e06dd4                a2dp_event_handler_begin = .
 *(.a2dp_event_handler)
 .a2dp_event_handler
                0x01e06dd4       0x1c ..\..\..\..\cpu\bd19\tools\sdk.elf.o
                0x01e06dd4                a2dp_sink_event_handler
                0x01e06df0                a2dp_event_handler_end = .
                0x01e06df0                sdp_record_item_begin = .
 *(.sdp_record_item)
 .sdp_record_item
                0x01e06df0       0x18 ..\..\..\..\cpu\bd19\tools\sdk.elf.o
                0x01e06df0                hid_sdp_record_item
                0x01e06dfc                pnp_sdp_record_item
                0x01e06e08                sdp_record_item_end = .
                0x01e06e08                bt_sleep_begin = .
 *(.bt_sleep)
 .bt_sleep      0x01e06e08       0x60 ..\..\..\..\cpu\bd19\tools\sdk.elf.o
                0x01e06e08                bt_suspend_hid_resumehid_release
                0x01e06e14                bt_suspend_user_cmd_loop_resumeuser_cmd_loop_release
                0x01e06e20                bt_suspend_a2dp_resumea2dp_release
                0x01e06e2c                bt_suspend_avctp_resumeavctp_release
                0x01e06e38                bt_suspend_hfp_resumehfp_release
                0x01e06e44                bt_suspend_spp_resumespp_release
                0x01e06e50                bt_suspend_sdp_resumesdp_release
                0x01e06e5c                bt_suspend_iap_resumeiap_release
                0x01e06e68                bt_sleep_end = .
 *(.bt_stack_const)
 .bt_stack_const
                0x01e06e68      0x1e8 ..\..\..\..\cpu\bd19\tools\sdk.elf.o
 *(.bt_stack_code)
 .bt_stack_code
                0x01e07050     0x55a0 ..\..\..\..\cpu\bd19\tools\sdk.elf.o
 *(.ble_db_const)
 *(.ble_db_code)
 *(.ble_sm_const)
 *(.ble_sm_code)
 *(.ble_att_const)
 *(.ble_att_code)
 *(.ble_gatt_const)
 *(.ble_gatt_code)
                0x01e0c5f0                BTSTACK_LE_HOST_MESH_CODE_START = .
 *(.ble_mesh_code)
 *(.ble_mesh_tinycrypt_code)
 *(.ble_mesh_const)
 *(.ble_mesh_tinycrypt_const)
                0x00000000                BTSTACK_LE_HOST_MESH_CODE_SIZE = ABSOLUTE ((. - BTSTACK_LE_HOST_MESH_CODE_START))
                0x01e0c5f0                btstack_code_end = .
                0x01e0c5f0                . = ALIGN (0x4)
                0x0000581e                BTSTACK_CODE_TOTAL_SIZE = (btstack_code_end - btstack_code_start)
                0x01e0c5f0                . = ALIGN (0x4)
                0x01e0c5f0                system_text_start = .
                0x01e0c5f0                _device_node_begin = .
                0x01e0c5f0                PROVIDE (device_node_begin, .)
 *(.device)
 .device        0x01e0c5f0        0x0 ..\..\..\..\cpu\bd19\tools\sdk.elf.o
                0x01e0c5f0                device_table
                0x01e0c5f0                _device_node_end = .
                0x01e0c5f0                PROVIDE (device_node_end, .)
                0x01e0c5f0                config_target_begin = .
                [!provide]                PROVIDE (config_target_begin, .)
 *(.config_target)
                0x01e0c5f0                config_target_end = .
                [!provide]                PROVIDE (config_target_end, .)
                0x01e0c5f0                system_code_begin = .
 *(.system.*.text)
 .system.printf.text
                0x01e0c5f0      0x9da ..\..\..\..\cpu\bd19\tools\sdk.elf.o
 .system.lbuf.text
                0x01e0cfca      0x40c ..\..\..\..\cpu\bd19\tools\sdk.elf.o
 .system.cpu.text
                0x01e0d3d6     0x11d0 ..\..\..\..\cpu\bd19\tools\sdk.elf.o
                0x01e0d86a                vFillingTaskStack
                0x01e0d890                maskrom_init
 .system.timer.text
                0x01e0e5a6      0x6a4 ..\..\..\..\cpu\bd19\tools\sdk.elf.o
 .system.cbuf.text
                0x01e0ec4a       0xf2 ..\..\..\..\cpu\bd19\tools\sdk.elf.o
 .system.event.text
                0x01e0ed3c      0x398 ..\..\..\..\cpu\bd19\tools\sdk.elf.o
 .system.task.text
                0x01e0f0d4       0x4a ..\..\..\..\cpu\bd19\tools\sdk.elf.o
 .system.cfg_tool.text
                0x01e0f11e      0x6ce ..\..\..\..\cpu\bd19\tools\sdk.elf.o
 .system.app_core.text
                0x01e0f7ec      0x26c ..\..\..\..\cpu\bd19\tools\sdk.elf.o
 .system.fs.text
                0x01e0fa58      0xc0c ..\..\..\..\cpu\bd19\tools\sdk.elf.o
 .system.ascii.text
                0x01e10664       0x36 ..\..\..\..\cpu\bd19\tools\sdk.elf.o
 .system.device.text
                0x01e1069a       0xba ..\..\..\..\cpu\bd19\tools\sdk.elf.o
 .system.init.text
                0x01e10754      0x17a ..\..\..\..\cpu\bd19\tools\sdk.elf.o
                0x01e10754                boot_info_init
                0x01e1077e                main
                0x01e108ce                system_code_end = .
                0x01e108d0                . = ALIGN (0x4)
 *fill*         0x01e108ce        0x2 
                0x000042de                system_code_size = (system_code_end - system_code_begin)
                0x01e108d0                vfs_ops_begin = .
 *(.vfs_operations)
 .vfs_operations
                0x01e108d0       0x74 ..\..\..\..\cpu\bd19\tools\sdk.elf.o
                0x01e108d0                sdfile_vfs_ops
                0x01e10944                vfs_ops_end = .
                0x01e10944                _lib_version_begin = .
                [!provide]                PROVIDE (lib_version_begin, .)
 *(.lib_version)
 .lib_version   0x01e10944        0x4 ..\..\..\..\cpu\bd19\tools\sdk.elf.o
                0x01e10944                __version_sdfile
                0x01e10948                _lib_version_end = .
                [!provide]                PROVIDE (lib_version_end, .)
                0x01e10948                _initcall_begin = .
                0x01e10948                PROVIDE (initcall_begin, .)
 *(.initcall)
 .initcall      0x01e10948        0x4 ..\..\..\..\cpu\bd19\tools\sdk.elf.o
                0x01e10948                __initcall_app_update_init
                0x01e1094c                _initcall_end = .
                0x01e1094c                PROVIDE (initcall_end, .)
                0x01e1094c                _early_initcall_begin = .
                0x01e1094c                PROVIDE (early_initcall_begin, .)
 *(.early.initcall)
 .early.initcall
                0x01e1094c        0xc ..\..\..\..\cpu\bd19\tools\sdk.elf.o
                0x01e1094c                __initcall_user_io_init
                0x01e10950                __initcall_sys_event_init
                0x01e10954                __initcall_sdfile_init
                0x01e10958                _early_initcall_end = .
                0x01e10958                PROVIDE (early_initcall_end, .)
                0x01e10958                _late_initcall_begin = .
                0x01e10958                PROVIDE (late_initcall_begin, .)
 *(.late.initcall)
 .late.initcall
                0x01e10958        0x4 ..\..\..\..\cpu\bd19\tools\sdk.elf.o
                0x01e10958                __initcall_sdk_meky_check
                0x01e1095c                _late_initcall_end = .
                0x01e1095c                PROVIDE (late_initcall_end, .)
                0x01e1095c                _platform_initcall_begin = .
                0x01e1095c                PROVIDE (platform_initcall_begin, .)
 *(.platform.initcall)
 .platform.initcall
                0x01e1095c        0x4 ..\..\..\..\cpu\bd19\tools\sdk.elf.o
                0x01e1095c                __initcall_syscfg_tools_init
                0x01e10960                _platform_initcall_end = .
                0x01e10960                PROVIDE (platform_initcall_end, .)
                0x01e10960                _module_initcall_begin = .
                0x01e10960                PROVIDE (module_initcall_begin, .)
 *(.module.initcall)
                0x01e10960                _module_initcall_end = .
                0x01e10960                PROVIDE (module_initcall_end, .)
                0x01e10960                _sys_event_handler_begin = .
                0x01e10960                PROVIDE (sys_event_handler_begin, .)
 *(.sys_event.4.handler)
 *(.sys_event.3.handler)
 *(.sys_event.2.handler)
 *(.sys_event.1.handler)
 *(.sys_event.0.handler)
                0x01e10960                _sys_event_handler_end = .
                0x01e10960                PROVIDE (sys_event_handler_end, .)
                0x01e10960                _syscfg_arg_begin = .
                [!provide]                PROVIDE (syscfg_arg_begin, .)
 *(.syscfg.arg)
                0x01e10960                _syscfg_arg_end = .
                [!provide]                PROVIDE (syscfg_arg_end, .)
                0x01e10960                _syscfg_handler_begin = .
                [!provide]                PROVIDE (syscfg_handler_begin, .)
 *(.syscfg.handler)
                0x01e10960                _syscfg_handler_end = .
                [!provide]                PROVIDE (syscfg_handler_end, .)
                0x01e10960                _syscfg_ops_begin = .
                0x01e10960                PROVIDE (syscfg_ops_begin, .)
 *(.syscfg.2.ops)
 .syscfg.2.ops  0x01e10960       0x1c ..\..\..\..\cpu\bd19\tools\sdk.elf.o
                0x01e10960                cfg_btif
 *(.syscfg.1.ops)
 .syscfg.1.ops  0x01e1097c       0x1c ..\..\..\..\cpu\bd19\tools\sdk.elf.o
                0x01e1097c                cfg_vm
 *(.syscfg.0.ops)
 .syscfg.0.ops  0x01e10998       0x1c ..\..\..\..\cpu\bd19\tools\sdk.elf.o
                0x01e10998                cfg_bin
                0x01e109b4                _syscfg_ops_end = .
                0x01e109b4                PROVIDE (syscfg_ops_end, .)
                0x01e109b4                _server_info_begin = .
                [!provide]                PROVIDE (server_info_begin, .)
 *(.server_info)
                0x01e109b4                _server_info_end = .
                [!provide]                PROVIDE (server_info_end, .)
                0x01e109b4                _bus_device_begin = .
                [!provide]                PROVIDE (bus_device_begin, .)
 *(.bus_device)
                0x01e109b4                _bus_device_end = .
                [!provide]                PROVIDE (bus_device_end, .)
                0x01e109b4                _sys_power_hal_ops_begin = .
                [!provide]                PROVIDE (sys_power_hal_ops_begin, .)
 *(.sys_power_hal_ops)
                0x01e109b4                _sys_power_hal_ops_end = .
                [!provide]                PROVIDE (sys_power_hal_ops_end, .)
                0x01e109b4                . = ALIGN (0x4)
                0x01e109b4                lp_target_begin = .
                [!provide]                PROVIDE (lp_target_begin, .)
 *(.lp_target)
 .lp_target     0x01e109b4       0x60 ..\..\..\..\cpu\bd19\tools\sdk.elf.o
                0x01e109b4                key_lp_target
                0x01e109c0                ota_lp_target
                0x01e109cc                app_hidkey_lp_target
                0x01e109d8                hid_user_target
                0x01e109e4                __wakeup_is_idle_target
                0x01e109f0                usb_dev_lp_target
                0x01e109fc                usr_systimer_lp_target
                0x01e10a08                btstack_lowpower_target
                0x01e10a14                lp_target_end = .
                [!provide]                PROVIDE (lp_target_end, .)
                0x01e10a14                . = ALIGN (0x4)
                0x01e10a14                deepsleep_target_begin = .
                [!provide]                PROVIDE (deepsleep_target_begin, .)
 *(.deepsleep_target)
 .deepsleep_target
                0x01e10a14       0x48 ..\..\..\..\cpu\bd19\tools\sdk.elf.o
                0x01e10a14                uart
                0x01e10a20                clock_sfc
                0x01e10a2c                tmr
                0x01e10a38                vm_sfc
                0x01e10a44                os
                0x01e10a50                bt
                0x01e10a5c                deepsleep_target_end = .
                [!provide]                PROVIDE (deepsleep_target_end, .)
                0x01e10a5c                crypto_begin = .
 *(.crypto_ecdh_code)
 *(.crypto_ecdh_const)
 *(.crypto_bigint_code)
 *(.crypto_bigint_const)
 *(.crypto_code)
 *(.crypto_const)
 *(.ECDH_sample_code)
 *(.ECDH_sample_const)
 *(.uECC_code)
 *(.uECC_const)
 *(.hmac_code)
 *(.hmac_const)
 *(.hash_sample_code)
 *(.hash_sample_const)
 *(.aes_cmac_sample_code)
 *(.aes_cmac_sample_const)
                0x01e10a5c                crypto_end = .
                0x00000000                crypto_size = (. - crypto_begin)
 *(.mem_code)
 *(.mem_const)
 *(.os_port_code)
 *(.os_port_const)
 *(.math_fast_funtion_code)
                0x01e10a5c                __movable_function_start = .
 *(movable.text.*)
 *(movable.stub.*)
 *(movable.region.*)
                0x01e10a5c                __movable_function_end = .
                0x00000000                __movable_function_size = (__movable_function_end - __movable_function_start)
                0x01e10a5c                system_text_end = .
                0x0000446c                system_code_total_size = (system_text_end - system_text_start)
                0x01e10a5c                . = ALIGN (0x4)
                0x01e10a5c                update_target_begin = .
                [!provide]                PROVIDE (update_target_begin, .)
 *(.update_target)
 .update_target
                0x01e10a5c        0x8 ..\..\..\..\cpu\bd19\tools\sdk.elf.o
                0x01e10a5c                ble_update_target
                0x01e10a64                update_target_end = .
                [!provide]                PROVIDE (update_target_end, .)
                0x01e10a64                . = ALIGN (0x4)
 *(.LOG_TAG_CONST*)
 *(.rodata*)
 .rodata.str1.1
                0x01e10a64     0x2680 ..\..\..\..\cpu\bd19\tools\sdk.elf.o
                               0x2708 (size before relaxing)
 *fill*         0x01e130e4       0x1c 
 .rodata        0x01e13100      0x774 ..\..\..\..\cpu\bd19\tools\sdk.elf.o
 .rodata.cst16  0x01e13874       0x30 ..\..\..\..\cpu\bd19\tools\sdk.elf.o
 .rodata.cst4   0x01e138a4        0x8 ..\..\..\..\cpu\bd19\tools\sdk.elf.o
 *fill*         0x01e138ac        0x4 
 .rodata.str1.16
                0x01e138b0      0x2b0 ..\..\..\..\cpu\bd19\tools\sdk.elf.o
                                0x2aa (size before relaxing)
 .rodata.cst32  0x01e13b60       0x20 ..\..\..\..\cpu\bd19\tools\sdk.elf.o
 *(.fat_data_code_ex)
                0x01e13b80                . = ALIGN (0x4)
                [!provide]                PROVIDE (text_rodata_end, .)
                0x01e13b80                clock_critical_handler_begin = .
 *(.clock_critical_txt)
 .clock_critical_txt
                0x01e13b80       0x28 ..\..\..\..\cpu\bd19\tools\sdk.elf.o
                0x01e13b80                clock_mcpwm
                0x01e13b88                clock_uart
                0x01e13b90                clock_timer
                0x01e13b98                clock_lrc
                0x01e13ba0                clock_port
                0x01e13ba8                clock_critical_handler_end = .
                0x01e13ba8                chargestore_handler_begin = .
 *(.chargestore_callback_txt)
                0x01e13ba8                chargestore_handler_end = .
                0x01e13ba8                gsensor_dev_begin = .
 *(.gsensor_dev)
                0x01e13ba8                gsensor_dev_end = .
                0x01e13ba8                . = ALIGN (0x4)
                0x01e13ba8                OMSensor_dev_begin = .
 *(.omsensor_dev)
                0x01e13ba8                OMSensor_dev_end = .
                0x01e13ba8                storage_device_begin = .
 *(.storage_device)
                0x01e13ba8                storage_device_end = .
 *(.opcore_table_maskrom)
 *(.bfilt_table_maskroom)
 *(.opcore_maskrom)
 *(.bfilt_code)
 *(.bfilt_const)
                0x01e13ba8                . = ALIGN (0x4)
                0x01e13ba8                __VERSION_BEGIN = .
 *(.sys.version)
 .sys.version   0x01e13ba8       0x20 ../../../../cpu/bd19/liba/btctrler.a(version.z.o)
                0x01e13ba8                lib_btctler_version
 .sys.version   0x01e13bc8       0x1e ../../../../cpu/bd19/liba/update.a(version.z.o)
                0x01e13bc8                lib_update_version
                0x01e13be6                __VERSION_END = .
 *(.noop_version)
                0x01e13c00                . = ALIGN (0x20)
 *fill*         0x01e13be6       0x1a 
                0x01e13c00                m_code_addr = .
 *(.m.code*)
 *(.movable.code*)
                0x00000000                m_code_size = ABSOLUTE ((. - m_code_addr))
                0x01e13c00                . = ALIGN (0x20)
                0x01e13c00                btctler_code_start = .
                0x01e13c00                BTCTLER_CONTROLLER_CODE_START = .
 *(.bt_rf_const)
 .bt_rf_const   0x01e13c00      0x3f8 ..\..\..\..\cpu\bd19\tools\sdk.elf.o
 *(.bt_rf_code)
 .bt_rf_code    0x01e13ff8     0x2320 ..\..\..\..\cpu\bd19\tools\sdk.elf.o
 *(.vendor_manager_const)
 *(.vendor_manager_code)
 *(.device_manager_const)
 *(.device_manager_code)
 *(.hci_controller_const)
 .hci_controller_const
                0x01e16318       0x28 ..\..\..\..\cpu\bd19\tools\sdk.elf.o
 *(.hci_controller_code)
 .hci_controller_code
                0x01e16340      0x67e ..\..\..\..\cpu\bd19\tools\sdk.elf.o
 *(.hci_interface_const)
 *(.hci_interface_code)
                0x00002dbe                BTCTLER_CONTROLLER_CODE_SIZE = ABSOLUTE ((. - BTCTLER_CONTROLLER_CODE_START))
                0x01e169be                BTCTLER_LE_CONTROLLER_CODE_START = .
 *(.ble_rf_const)
 *(.ble_rf_code)
 .ble_rf_code   0x01e169be      0x120 ..\..\..\..\cpu\bd19\tools\sdk.elf.o
 *(.ble_ll_const)
 *(.ble_ll_code)
 .ble_ll_code   0x01e16ade      0x110 ..\..\..\..\cpu\bd19\tools\sdk.elf.o
 *(.ble_hci_const)
 *(.ble_hci_code)
 .ble_hci_code  0x01e16bee        0x4 ..\..\..\..\cpu\bd19\tools\sdk.elf.o
 *(.classic_hci_const)
 *(.classic_hci_code)
                0x00000234                BTCTLER_LE_CONTROLLER_CODE_SIZE = ABSOLUTE ((. - BTCTLER_LE_CONTROLLER_CODE_START))
                0x01e16bf2                BTCTLER_CL_CODE_START = .
 *(.bredr_irq)
 *(.bredr_irq_code)
 *(.bredr_irq_const)
 *(.classic_lmp_const)
 .classic_lmp_const
                0x01e16bf2       0x14 ..\..\..\..\cpu\bd19\tools\sdk.elf.o
 *(.classic_lmp_auth_const)
 .classic_lmp_auth_const
                0x01e16c06      0x4f0 ..\..\..\..\cpu\bd19\tools\sdk.elf.o
 *(.classic_lmp_bigint_const)
 *(.classic_lmp_crypt_const)
 *(.classic_lmp_ecdh_const)
 *(.classic_lmp_hmac_const)
 *(.classic_lmp_code)
 .classic_lmp_code
                0x01e170f6     0x5f96 ..\..\..\..\cpu\bd19\tools\sdk.elf.o
 *(.classic_lmp_auth_code)
 .classic_lmp_auth_code
                0x01e1d08c      0x634 ..\..\..\..\cpu\bd19\tools\sdk.elf.o
 *(.classic_lmp_bigint_code)
 *(.classic_lmp_crypt_code)
 *(.classic_lmp_ecdh_code)
 *(.classic_lmp_hmac_code)
 *(.classic_rf_const)
 .classic_rf_const
                0x01e1d6c0      0x14c ..\..\..\..\cpu\bd19\tools\sdk.elf.o
 *(.classic_rf_code)
 .classic_rf_code
                0x01e1d80c     0x4842 ..\..\..\..\cpu\bd19\tools\sdk.elf.o
 *(.classic_bb_const)
 *(.classic_bb_code)
                0x0000b45c                BTCTLER_CL_CODE_SIZE = ABSOLUTE ((. - BTCTLER_CL_CODE_START))
                0x01e22050                . = ALIGN (0x4)
 *fill*         0x01e2204e        0x2 
 *(.classic_tws_const)
 *(.classic_tws_code)
 .classic_tws_code
                0x01e22050        0x4 ..\..\..\..\cpu\bd19\tools\sdk.elf.o
 *(.classic_tws_code.esco)
 .classic_tws_code.esco
                0x01e22054       0x32 ..\..\..\..\cpu\bd19\tools\sdk.elf.o
                0x01e22086                btctler_code_end = .
                0x01e22086                update_code_start = .
 *(.bt_updata_ram_code)
 .bt_updata_ram_code
                0x01e22086       0x88 ..\..\..\..\cpu\bd19\tools\sdk.elf.o
 *(.update_const)
 *fill*         0x01e2210e        0x2 
 .update_const  0x01e22110      0x15e ..\..\..\..\cpu\bd19\tools\sdk.elf.o
 *(.update_code)
 .update_code   0x01e2226e     0x147e ..\..\..\..\cpu\bd19\tools\sdk.elf.o
                0x01e236ec                update_code_end = .
                0x01e236ec                driver_code_start = .
 *(.fm_code)
                0x01e236ec                CLOCK_CODE_START = .
 *(.clock_code)
 .clock_code    0x01e236ec      0x786 ..\..\..\..\cpu\bd19\tools\sdk.elf.o
 *(.clock_const)
                0x00000786                CLOCK_CODE_SIZE = ABSOLUTE ((. - CLOCK_CODE_START))
 *(.debug_code)
 *(.debug_const)
 *(.power_code)
 *(.power_const)
 *(.uart_code)
 *(.uart_const)
                0x01e23e72                driver_code_end = .
                0x01e23e74                . = ALIGN (0x4)
 *fill*         0x01e23e72        0x2 
                0x00000000                . = ORIGIN (ram0)

.mmu_tlb        0x00000000      0x800
 *(.mmu_tlb_segment)
 .mmu_tlb_segment
                0x00000000      0x800 ..\..\..\..\cpu\bd19\tools\sdk.elf.o

.boot_info      0x00000800       0x40
 *(.boot_info)
 .boot_info     0x00000800       0x28 ..\..\..\..\cpu\bd19\tools\sdk.elf.o
                0x00000840                . = ALIGN (0x20)
 *fill*         0x00000828       0x18 

.data           0x00000840      0x7e0
 *(.data*)
 .data          0x00000840       0xd0 ..\..\..\..\cpu\bd19\tools\sdk.elf.o
                0x00000898                jiffies
 .data_magic    0x00000910       0x40 ..\..\..\..\cpu\bd19\tools\sdk.elf.o
                0x00000910                data_magic
                0x00000960                . = ALIGN (0x20)
 *fill*         0x00000950       0x10 
                0x00000960                btstack_data_start = .
 *(.bt_stack_data)
 .bt_stack_data
                0x00000960       0x70 ..\..\..\..\cpu\bd19\tools\sdk.elf.o
 *(.ble_db_data)
 *(.ble_sm_data)
 *(.ble_att_data)
 *(.ble_gatt_data)
                0x000009d0                BTSTACK_LE_HOST_MESH_DATA_START = .
                0x000009d0                . = ((. + 0x3) & 0xfffffffc)
                0x000009d0                _net_buf_pool_list = .
 *(._net_buf_pool.static.*)
 *(.ble_mesh_data)
 *(.ble_mesh_tinycrypt_data)
                0x00000000                BTSTACK_LE_HOST_MESH_DATA_SIZE = ABSOLUTE ((. - BTSTACK_LE_HOST_MESH_DATA_START))
                0x000009d0                btstack_data_end = .
                0x000009d0                . = ALIGN (0x4)
                0x000009d0                . = ALIGN (0x4)
                0x000009d0                system_data_start = .
                0x000009d0                _video_subdev_begin = .
                [!provide]                PROVIDE (video_subdev_begin, .)
 *(.video_subdev.0)
 *(.video_subdev.1)
 *(.video_subdev.2)
 *(.video_subdev.3)
 *(.video_subdev.4)
 *(.video_subdev.5)
                0x000009d0                _video_subdev_end = .
                [!provide]                PROVIDE (video_subdev_end, .)
                0x000009d0                _audio_subdev_begin = .
                [!provide]                PROVIDE (audio_subdev_begin, .)
 *(.audio_subdev.0)
 *(.audio_subdev.1)
 *(.audio_subdev.2)
 *(.audio_subdev.3)
                0x000009d0                _audio_subdev_end = .
                [!provide]                PROVIDE (audio_subdev_end, .)
                0x000009d0                _iic_device_begin = .
                [!provide]                PROVIDE (iic_device_begin, .)
 *(.iic)
                0x000009d0                _iic_device_end = .
                [!provide]                PROVIDE (iic_device_end, .)
                0x000009d0                _avin_spi_device_begin = .
                [!provide]                PROVIDE (avin_spi_device_begin, .)
 *(.sw_spi)
                0x000009d0                _avin_spi_device_end = .
                [!provide]                PROVIDE (avin_spi_device_end, .)
                0x000009d0                _video_dev_begin = .
                [!provide]                PROVIDE (video_dev_begin, .)
 *(.video_device)
                0x000009d0                _video_dev_end = .
                [!provide]                PROVIDE (video_dev_end, .)
                0x000009d0                _key_driver_ops_begin = .
                [!provide]                PROVIDE (key_driver_ops_begin, .)
 *(.key_driver_ops)
                0x000009d0                _key_driver_ops_end = .
                [!provide]                PROVIDE (key_driver_ops_end, .)
                0x000009d0                _touch_driver_begin = .
                [!provide]                PROVIDE (touch_driver_begin, .)
 *(.touch_driver)
                0x000009d0                _touch_driver_end = .
                [!provide]                PROVIDE (touch_driver_end, .)
                0x000009d0                _static_hi_timer_begin = .
                [!provide]                PROVIDE (static_hi_timer_begin, .)
 *(.hi_timer)
                0x000009d0                _static_hi_timer_end = .
                [!provide]                PROVIDE (static_hi_timer_end, .)
                0x000009d0                _sys_cpu_timer_begin = .
                0x000009d0                PROVIDE (sys_cpu_timer_begin, .)
 *(.sys_cpu_timer)
                0x000009d0                _sys_cpu_timer_end = .
                0x000009d0                PROVIDE (sys_cpu_timer_end, .)
                0x000009d0                _sys_config_begin = .
                [!provide]                PROVIDE (sys_config_begin, .)
 *(.sys_cfg)
                0x000009d0                _sys_config_end = .
                [!provide]                PROVIDE (sys_config_end, .)
                0x000009d0                _sys_fat_begin = .
                [!provide]                PROVIDE (sys_fat_begin, .)
 *(.fs_fat)
                0x000009d0                _sys_fat_end = .
                [!provide]                PROVIDE (sys_fat_end, .)
                0x000009d0                _app_begin = .
                0x000009d0                PROVIDE (app_begin, .)
 *(.app)
 .app           0x000009d0       0x20 ..\..\..\..\cpu\bd19\tools\sdk.elf.o
                0x000009f0                _app_end = .
                0x000009f0                PROVIDE (app_end, .)
                0x000009f0                _os_begin = .
                [!provide]                PROVIDE (os_begin, .)
 *(.os_str)
 *(.os_data)
                0x000009f0                _os_end = .
                [!provide]                PROVIDE (os_end, .)
 *(.crypto_ecdh_data)
 *(.crypto_data)
 *(.mem_data)
 *(.os_port_data)
 *(.uECC_data)
 *(.ECDH_sample_data)
                0x000009f0                __movable_slot_start = .
 *(movable.slot.*)
                0x000009f0                __movable_slot_end = .
                0x000009f0                system_data_end = .
                0x000009f0                . = ALIGN (0x4)
                0x000009f0                btctler_data_start = .
                0x000009f0                BTCTLER_CONTROLLER_DATA_START = .
 *(.bt_rf_data)
 .bt_rf_data    0x000009f0      0x400 ..\..\..\..\cpu\bd19\tools\sdk.elf.o
 *(.vendor_manager_data)
 *(.device_manager_data)
 *(.hci_controller_data)
 .hci_controller_data
                0x00000df0       0xbe ..\..\..\..\cpu\bd19\tools\sdk.elf.o
 *(.hci_interface_data)
                0x000004be                BTCTLER_CONTROLLER_DATA_SIZE = ABSOLUTE ((. - BTCTLER_CONTROLLER_DATA_START))
                0x00000eae                BTCTLER_LE_CONTROLLER_DATA_START = .
 *(.ble_ll_data)
 *(.ble_hci_data)
 *(.classic_hci_data)
 *(.ble_rf_data)
                0x00000000                BTCTLER_LE_CONTROLLER_DATA_SIZE = ABSOLUTE ((. - BTCTLER_LE_CONTROLLER_DATA_START))
                0x00000eae                BTCTLER_CL_DATA_START = .
 *(.classic_lmp_data)
 *fill*         0x00000eae        0x2 
 .classic_lmp_data
                0x00000eb0       0xbc ..\..\..\..\cpu\bd19\tools\sdk.elf.o
 *(.classic_lmp_auth_data)
 *(.classic_lmp_bigint_data)
 *(.classic_lmp_crypt_data)
 *(.classic_lmp_ecdh_data)
 *(.classic_lmp_linkbulk_data)
 *(.classic_lmp_hmac_data)
 *(.classic_rf_data)
 .classic_rf_data
                0x00000f6c        0xe ..\..\..\..\cpu\bd19\tools\sdk.elf.o
 *(.classic_bb_data)
                0x000000cc                BTCTLER_CL_DATA_SIZE = ABSOLUTE ((. - BTCTLER_CL_DATA_START))
                0x00000f7a                btctler_data_end = .
                0x00000f7a                update_data_start = .
                0x00000f7a                update_data_end = .
                0x00000f7a                driver_data_start = .
                0x00000f7a                CLOCK_DATA_START = .
 *(.clock_data)
 *fill*         0x00000f7a        0x2 
 .clock_data    0x00000f7c       0x9c ..\..\..\..\cpu\bd19\tools\sdk.elf.o
                0x0000009e                CLOCK_DATA_SIZE = ABSOLUTE ((. - CLOCK_DATA_START))
 *(.debug_data)
 *(.power_data)
 *(.uart_data)
                0x00001018                driver_data_end = .
                0x00001020                . = ALIGN (0x20)
 *fill*         0x00001018        0x8 

.irq_stack      0x00001020      0x820
 *(.stack_magic)
 .stack_magic   0x00001020       0x10 ..\..\..\..\cpu\bd19\tools\sdk.elf.o
                0x00001020                stack_magic
                0x00001030                _cpu0_sstack_begin = .
                [!provide]                PROVIDE (cpu0_sstack_begin, .)
 *(.stack)
 .stack         0x00001030      0x800 ../../../../cpu/bd19/liba/cpu.a(startup.S.o)
                0x00001830                _stack
                0x00001830                _cpu0_sstack_end = .
                [!provide]                PROVIDE (cpu0_sstack_end, .)
                0x00001830                _stack_end = .
 *(.stack_magic0)
 .stack_magic0  0x00001830       0x10 ..\..\..\..\cpu\bd19\tools\sdk.elf.o
                0x00001830                stack_magic0
                0x00001840                . = ALIGN (0x4)

.bss            0x00001840     0x322c
 *(.usb_audio_play_dma)
 *(.usb_audio_rec_dma)
 *(.uac_rx)
 *(.mass_storage)
 *(.usb_h_dma)
 *(.usb_ep0)
 *(.usb_msd_dma)
 *(.usb_hid_dma)
 *(.usb_iso_dma)
 *(.usb_cdc_dma)
 *(.uac_var)
 *(.usb_config_var)
 *(.cdc_var)
                0x00001840                . = ALIGN (0x4)
                0x00001840                btstack_bss_start = .
 *(.bt_stack_bss)
 .bt_stack_bss  0x00001840      0x57e ..\..\..\..\cpu\bd19\tools\sdk.elf.o
 *(.ble_db_bss)
 *(.ble_sm_bss)
 *(.ble_att_bss)
 *(.ble_gatt_bss)
 *(.btstack_pool)
                0x00001dbe                BTSTACK_LE_HOST_MESH_BSS_START = .
 *(.ble_mesh_bss)
 *(.ble_mesh_tinycrypt_bss)
                0x00000000                BTSTACK_LE_HOST_MESH_BSS_SIZE = ABSOLUTE ((. - BTSTACK_LE_HOST_MESH_BSS_START))
                0x00001dbe                btstack_bss_end = .
                0x00001dc0                . = ALIGN (0x4)
 *fill*         0x00001dbe        0x2 
                0x00001dc0                system_bss_start = .
                0x00001dc0                . = ALIGN (0x4)
 *(.os_bss)
 *(.mem_heap)
 *(.memp_memory_x)
 *(.mem_bss)
 *(.os_port_bss)
 *(.uECC_bss)
 *(.ECDH_sample_bss)
                0x00001dc0                system_bss_end = .
                0x00001dc0                . = ALIGN (0x4)
 *(.bss)
 .bss           0x00001dc0      0xd90 ..\..\..\..\cpu\bd19\tools\sdk.elf.o
                0x00002b50                . = ALIGN (0x4)
 *(.os_bss)
 *(.volatile_ram)
 *(.btstack_pool)
 *(.mem_heap)
 *(.memp_memory_x)
                0x00002b60                . = ALIGN (0x20)
 *fill*         0x00002b50       0x10 
                0x00002b60                btctler_bss_start = .
                0x00002b60                BTCTLER_CONTROLLER_BSS_START = .
 *(.bd_base)
 .bd_base       0x00002b60      0x15c ..\..\..\..\cpu\bd19\tools\sdk.elf.o
                0x00002b60                bd_base
 *(.bredr_rxtx_bulk)
 .bredr_rxtx_bulk
                0x00002cbc      0xc80 ..\..\..\..\cpu\bd19\tools\sdk.elf.o
                0x0000393c                acl_tx_pool = .
 *(.bredr_tx_bulk)
                0x00003f3c                acl_tx_pool_end = (acl_tx_pool + 0x600)
                0x00003f3c                . = acl_tx_pool_end
 *fill*         0x0000393c      0x600 
                0x00003f3c                acl_rx_pool = .
 *(.bredr_rx_bulk)
                0x0000453c                acl_rx_pool_end = (acl_rx_pool + 0x600)
                0x0000453c                . = acl_rx_pool_end
 *fill*         0x00003f3c      0x600 
                0x0000453c                tws_bulk_pool = .
                0x0000453c                tws_bulk_pool_end = tws_bulk_pool
                0x0000453c                . = tws_bulk_pool_end
 *(.bt_rf_bss)
 .bt_rf_bss     0x0000453c       0x28 ..\..\..\..\cpu\bd19\tools\sdk.elf.o
 *(.hci_controller_bss)
 .hci_controller_bss
                0x00004564       0x38 ..\..\..\..\cpu\bd19\tools\sdk.elf.o
 *(.hci_interface_bss)
 *(.device_manager_bss)
 *(.vendor_manager_bss)
                0x00001a3c                BTCTLER_CONTROLLER_BSS_SIZE = ABSOLUTE ((. - BTCTLER_CONTROLLER_BSS_START))
                0x0000459c                BTCTLER_LE_CONTROLLER_BSS_START = .
 *(.ble_hci_bss)
 *(.ble_ll_bss)
 .ble_ll_bss    0x0000459c       0x30 ..\..\..\..\cpu\bd19\tools\sdk.elf.o
 *(.ble_rf_bss)
                0x00000030                BTCTLER_LE_CONTROLLER_BSS_SIZE = ABSOLUTE ((. - BTCTLER_LE_CONTROLLER_BSS_START))
                0x000045cc                BTCTLER_CL_BSS_START = .
 *(.classic_rf_bss)
 .classic_rf_bss
                0x000045cc       0xfc ..\..\..\..\cpu\bd19\tools\sdk.elf.o
 *(.classic_lmp_bss)
 .classic_lmp_bss
                0x000046c8      0x144 ..\..\..\..\cpu\bd19\tools\sdk.elf.o
 *(.classic_lmp_auth_bss)
 *(.classic_lmp_bigint_bss)
 *(.classic_lmp_crypt_bss)
 *(.classic_lmp_ecdh_bss)
 *(.classic_lmp_linkbulk_bss)
 *(.classic_lmp_hmac_bss)
 *(.classic_bb_bss)
 *(.classic_hci_bss)
                0x00000240                BTCTLER_CL_BSS_SIZE = ABSOLUTE ((. - BTCTLER_CL_BSS_START))
                0x0000480c                btctler_bss_end = .
                0x0000480c                update_bss_start = .
 *(.update_bss)
 .update_bss    0x0000480c      0x204 ..\..\..\..\cpu\bd19\tools\sdk.elf.o
                0x00004a10                update_bss_end = .
                0x00004a10                driver_bss_start = .
                0x00004a10                CLOCK_BSS_START = .
 *(.clock_bss)
 .clock_bss     0x00004a10       0x56 ..\..\..\..\cpu\bd19\tools\sdk.elf.o
                0x00000056                CLOCK_BSS_SIZE = ABSOLUTE ((. - CLOCK_BSS_START))
 *(.debug_bss)
 *(.power_bss)
 *(.uart_bss)
 *(.sd_var)
                0x00004a66                driver_bss_end = .
 *fill*         0x00004a66        0x2 
 COMMON         0x00004a68        0x4 ..\..\..\..\cpu\bd19\tools\sdk.elf.o
                0x00004a68                CurrentTCB

.data_code      0x00004a80     0x2304
                0x00004a80                data_code_pc_limit_begin = .
 *(.flushinv_icache)
 *(.cache)
 *(.os_critical_code)
 .os_critical_code
                0x00004a80      0x1bc ..\..\..\..\cpu\bd19\tools\sdk.elf.o
                0x00004a80                jiffies_half_msec
                0x00004ae0                jiffies_msec
                0x00004b1e                pcTaskName
                0x00004bb2                pvPortSwitch
                0x00004bc8                uxTaskStack
 .os_critical_code
                0x00004c3c       0x46 ../../../../cpu/bd19/liba/system.a(port_asm_mmu.S.o)
                0x00004c3c                vAppPortStartFirstTask
                0x00004c66                __tick_irq_handler
                0x00004c66                begin_of_data
 *(.volatile_ram_code)
 *fill*         0x00004c82       0x1e 
 .volatile_ram_code
                0x00004ca0     0x18c0 ..\..\..\..\cpu\bd19\tools\sdk.elf.o
                0x0000539c                read_flash_id
                0x000054ea                norflash_erase
                0x000055be                flushinv_dcache_api
                0x0000575c                spi_soft_writebyte
                0x000059de                spi_soft_readbyte
                0x00005a10                ze_flash_cam_patch
                0x00005b8c                check_flash_type
                0x00005c58                check_ze_flash_id
                0x00005cde                flash_enter_2bit_mode_by_spi_soft
                0x00005d94                flash_enter_4bit_mode_by_spi_soft
                0x00005e70                flash_exit_2bit_mode_by_spi_soft
                0x00005ecc                flash_exit_4bit_mode_by_spi_soft
 .volatile_ram_code
                0x00006560       0x12 ../../../../cpu/bd19/liba/cpu.a(startup.S.o)
                0x00006560                exception_irq_handler
 *(.chargebox_code)
 *(.os_code)
 *(.os_str)
 *(.fat_data_code)
                0x00006574                . = ALIGN (0x4)
 *fill*         0x00006572        0x2 
                0x00006574                _SPI_CODE_START = .
 *(.spi_code)
                0x00006574                . = ALIGN (0x4)
                0x00006574                _SPI_CODE_END = .
                0x00006574                . = ALIGN (0x4)
                0x00006574                btctler_ram_code_start = .
 *(.lmp_irq_code)
 .lmp_irq_code  0x00006574       0xf6 ..\..\..\..\cpu\bd19\tools\sdk.elf.o
 *(.link_bulk_code)
 *(.frame_irq_code)
                0x0000666c                . = ALIGN (0x4)
 *fill*         0x0000666a        0x2 
 *(.link_task_const)
 *(.link_task_code)
                0x0000666c                . = ALIGN (0x4)
 *(.classic_irq_const)
 .classic_irq_const
                0x0000666c        0x8 ..\..\..\..\cpu\bd19\tools\sdk.elf.o
 *(.classic_irq_code)
 .classic_irq_code
                0x00006674      0x6fa ..\..\..\..\cpu\bd19\tools\sdk.elf.o
                0x00006d70                . = ALIGN (0x4)
 *fill*         0x00006d6e        0x2 
 *(.tws_irq_code)
                0x00006d70                . = ALIGN (0x4)
                0x00006d70                tws_sync_call_begin = .
 *(.tws_sync_call)
 .tws_sync_call
                0x00006d70        0xc ..\..\..\..\cpu\bd19\tools\sdk.elf.o
                0x00006d7c                tws_sync_call_end = .
                0x00006d7c                . = ALIGN (0x4)
                0x00006d7c                tws_func_stub_begin = .
 *(.tws_func_stub)
 .tws_func_stub
                0x00006d7c        0x8 ..\..\..\..\cpu\bd19\tools\sdk.elf.o
                0x00006d84                tws_func_stub_end = .
 *(.tws_media_sync_code)
 *(.tws_media_sync_const)
 *(.tws_data_forward_code)
 *(.tws_data_forward_const)
                0x00006d84                . = ALIGN (0x4)
                0x00006d84                tws_sync_channel_begin = .
 *(.tws_sync_channel.0)
 *(.tws_sync_channel.1)
 *(.tws_sync_channel.2)
 *(.tws_sync_channel.3)
 *(.tws_sync_channel.4)
 *(.tws_sync_channel.5)
 *(.tws_sync_channel.6)
 *(.tws_sync_channel.7)
 *(.tws_sync_channel.8)
 *(.tws_sync_channel.9)
 *(.tws_sync_channel.10)
 *(.tws_sync_channel.11)
 *(.tws_sync_channel.12)
 *(.tws_sync_channel.13)
                0x00006d84                tws_sync_channel_end = .
                0x00006d84                btctler_ram_code_end = .
                0x00006d84                . = ALIGN (0x4)

.nv_bss         0x00006da0      0x344
                0x00006da0                NVRAM_DATA_START = .
 *(.non_volatile_ram)
 .non_volatile_ram
                0x00006da0      0x344 ..\..\..\..\cpu\bd19\tools\sdk.elf.o
                0x00000344                NVRAM_DATA_SIZE = ABSOLUTE ((. - NVRAM_DATA_START))
                0x000070e4                . = ALIGN (0x4)
                0x000070e4                NVRAM_END = .
                0x000070e4                _nv_pre_begin = .
                0x000070e4                __report_overlay_begin = .

.overlay_aec    0x000070e4        0x0 load address 0x00200000
                0x000070e4                . = ALIGN (0x4)
                0x000070e4                aec_code_begin = .
 *(.text._*)
 *(.data._*)
 *(.aec_code)
 *(.aec_const)
 *(.res_code)
 *(.res_const)
 *(.ns_code)
 *(.ns_const)
 *(.fft_code)
 *(.fft_const)
 *(.nlp_code)
 *(.nlp_const)
 *(.der_code)
 *(.der_const)
 *(.qmf_code)
 *(.qmf_const)
 *(.aec_data)
 *(.res_data)
 *(.ns_data)
 *(.nlp_data)
 *(.der_data)
 *(.qmf_data)
 *(.fft_data)
 *(.dms_code)
 *(.dms_const)
 *(.dms_data)
                0x000070e4                . = ALIGN (0x4)
 *(.aec_mux)
                0x000070e4                . = ALIGN (0x4)
                0x000070e4                aec_code_end = .
                0x00000000                aec_code_size = (aec_code_end - aec_code_begin)
                [!provide]                PROVIDE (__load_start_overlay_aec, LOADADDR (.overlay_aec))
                [!provide]                PROVIDE (__load_stop_overlay_aec, (LOADADDR (.overlay_aec) + SIZEOF (.overlay_aec)))

.overlay_aac    0x000070e4        0x0 load address 0x00200000
                0x000070e4                . = ALIGN (0x4)
                0x000070e4                aac_dec_code_begin = .
 *(.bt_aac_dec_code)
 *(.bt_aac_dec_sparse_code)
                0x000070e4                aac_dec_code_end = .
                0x00000000                aac_dec_code_size = (aac_dec_code_end - aac_dec_code_begin)
                0x000070e4                . = ALIGN (0x4)
                0x000070e4                bt_aac_dec_const_begin = .
 *(.bt_aac_dec_const)
 *(.bt_aac_dec_sparse_const)
                0x000070e4                . = ALIGN (0x4)
                0x000070e4                bt_aac_dec_const_end = .
                0x00000000                bt_aac_dec_const_size = (bt_aac_dec_const_end - bt_aac_dec_const_begin)
 *(.bt_aac_dec_data)
                0x000070e4                . = ALIGN (0x4)
                [!provide]                PROVIDE (__load_start_overlay_aac, LOADADDR (.overlay_aac))
                [!provide]                PROVIDE (__load_stop_overlay_aac, (LOADADDR (.overlay_aac) + SIZEOF (.overlay_aac)))

.ram0_empty0    0x000070e4        0x4
                0x000070e8                . = (. + 0x4)
 *fill*         0x000070e4        0x4 

.overlay_aec_ram
                0x000070e8        0x0 load address 0x00210000
                0x000070e8                . = ALIGN (0x4)
 *(.msbc_enc)
 *(.cvsd_codec)
 *(.aec_bss)
 *(.res_bss)
 *(.ns_bss)
 *(.nlp_bss)
 *(.der_bss)
 *(.qmf_bss)
 *(.fft_bss)
 *(.aec_mem)
 *(.dms_bss)
                [!provide]                PROVIDE (__load_start_overlay_aec_ram, LOADADDR (.overlay_aec_ram))
                [!provide]                PROVIDE (__load_stop_overlay_aec_ram, (LOADADDR (.overlay_aec_ram) + SIZEOF (.overlay_aec_ram)))

.overlay_aac_ram
                0x000070e8        0x0 load address 0x00210000
                0x000070e8                . = ALIGN (0x4)
 *(.bt_aac_dec_bss)
                0x000070e8                . = ALIGN (0x4)
 *(.aac_mem)
 *(.aac_ctrl_mem)
                [!provide]                PROVIDE (__load_start_overlay_aac_ram, LOADADDR (.overlay_aac_ram))
                [!provide]                PROVIDE (__load_stop_overlay_aac_ram, (LOADADDR (.overlay_aac_ram) + SIZEOF (.overlay_aac_ram)))

.overlay_mp3    0x000070e8        0x0 load address 0x00210000
 *(.mp3_mem)
 *(.mp3_ctrl_mem)
 *(.mp3pick_mem)
 *(.mp3pick_ctrl_mem)
 *(.dec2tws_mem)
                [!provide]                PROVIDE (__load_start_overlay_mp3, LOADADDR (.overlay_mp3))
                [!provide]                PROVIDE (__load_stop_overlay_mp3, (LOADADDR (.overlay_mp3) + SIZEOF (.overlay_mp3)))

.overlay_wma    0x000070e8        0x0 load address 0x00210000
 *(.wma_mem)
 *(.wma_ctrl_mem)
 *(.wmapick_mem)
 *(.wmapick_ctrl_mem)
                [!provide]                PROVIDE (__load_start_overlay_wma, LOADADDR (.overlay_wma))
                [!provide]                PROVIDE (__load_stop_overlay_wma, (LOADADDR (.overlay_wma) + SIZEOF (.overlay_wma)))

.overlay_ape    0x000070e8        0x0 load address 0x00210000
 *(.ape_mem)
 *(.ape_ctrl_mem)
                [!provide]                PROVIDE (__load_start_overlay_ape, LOADADDR (.overlay_ape))
                [!provide]                PROVIDE (__load_stop_overlay_ape, (LOADADDR (.overlay_ape) + SIZEOF (.overlay_ape)))

.overlay_flac   0x000070e8        0x0 load address 0x00210000
 *(.flac_mem)
 *(.flac_ctrl_mem)
                [!provide]                PROVIDE (__load_start_overlay_flac, LOADADDR (.overlay_flac))
                [!provide]                PROVIDE (__load_stop_overlay_flac, (LOADADDR (.overlay_flac) + SIZEOF (.overlay_flac)))

.overlay_m4a    0x000070e8        0x0 load address 0x00210000
 *(.m4a_mem)
 *(.m4a_ctrl_mem)
                [!provide]                PROVIDE (__load_start_overlay_m4a, LOADADDR (.overlay_m4a))
                [!provide]                PROVIDE (__load_stop_overlay_m4a, (LOADADDR (.overlay_m4a) + SIZEOF (.overlay_m4a)))

.overlay_amr    0x000070e8        0x0 load address 0x00210000
 *(.amr_mem)
 *(.amr_ctrl_mem)
                [!provide]                PROVIDE (__load_start_overlay_amr, LOADADDR (.overlay_amr))
                [!provide]                PROVIDE (__load_stop_overlay_amr, (LOADADDR (.overlay_amr) + SIZEOF (.overlay_amr)))

.overlay_dts    0x000070e8        0x0 load address 0x00210000
 *(.dts_mem)
 *(.dts_ctrl_mem)
                [!provide]                PROVIDE (__load_start_overlay_dts, LOADADDR (.overlay_dts))
                [!provide]                PROVIDE (__load_stop_overlay_dts, (LOADADDR (.overlay_dts) + SIZEOF (.overlay_dts)))

.overlay_fm     0x000070e8        0x0 load address 0x00210000
 *(.fm_mem)
                [!provide]                PROVIDE (__load_start_overlay_fm, LOADADDR (.overlay_fm))
                [!provide]                PROVIDE (__load_stop_overlay_fm, (LOADADDR (.overlay_fm) + SIZEOF (.overlay_fm)))

.overlay_pc     0x000070e8        0x0 load address 0x00210000
                [!provide]                PROVIDE (__load_start_overlay_pc, LOADADDR (.overlay_pc))
                [!provide]                PROVIDE (__load_stop_overlay_pc, (LOADADDR (.overlay_pc) + SIZEOF (.overlay_pc)))
                0x0000bb00                NVRAM_LIMIT = 0xbb00
                0x0000bb00                _nv_pre_end = 0xbb00
                0x00000001                ASSERT ((NVRAM_END <= NVRAM_LIMIT), NVRAM space overflow!)
                0x000070e8                data_code_pc_limit_end = .
                0x000070e8                __report_overlay_end = .
                0x000070e8                _HEAP_BEGIN = .
                0x0000fb60                _HEAP_END = RAM0_END
                0x00000030                BTCTLER_LE_RAM_TOTAL = (BTCTLER_LE_CONTROLLER_DATA_SIZE + BTCTLER_LE_CONTROLLER_BSS_SIZE)
                0x00000234                BTCTLER_LE_CODE_TOTAL = BTCTLER_LE_CONTROLLER_CODE_SIZE
                0x0000030c                BTCTLER_CL_RAM_TOTAL = (BTCTLER_CL_DATA_SIZE + BTCTLER_CL_BSS_SIZE)
                0x0000b45c                BTCTLER_CL_CODE_TOTAL = BTCTLER_CL_CODE_SIZE
                0x00001efa                BTCTLER_COMMON_RAM_TOTAL = (BTCTLER_CONTROLLER_BSS_SIZE + BTCTLER_CONTROLLER_DATA_SIZE)
                0x00002dbe                BTCTLER_COMMON_CODE_TOTAL = BTCTLER_CONTROLLER_CODE_SIZE
                0x00002236                BTCTLER_RAM_TOTAL = ((btctler_data_end - btctler_data_start) + (btctler_bss_end - btctler_bss_start))
                0x0000ec96                BTCTLER_CODE_TOTAL = ((btctler_code_end - btctler_code_start) + (btctler_ram_code_end - btctler_ram_code_start))
                0x00001666                UPDATE_CODE_TOTAL_SIZE = (update_code_end - update_code_start)
                0x000000f4                DRIVER_RAM_TOTAL = ((driver_data_end - driver_data_start) + (driver_bss_end - driver_bss_start))
                0x00000786                DRIVER_CODE_TOTAL = (driver_code_end - driver_code_start)
                0x01e00120                text_begin = ADDR (.text)
                0x00023d54                text_size = SIZEOF (.text)
                0x01e23e74                text_end = (text_begin + text_size)
                0x00001840                bss_begin = ADDR (.bss)
                0x0000322c                bss_size = SIZEOF (.bss)
                0x00004a6c                bss_end = (bss_begin + bss_size)
                0x00006da0                nvbss_begin = NVRAM_DATA_START
                0x00004d60                nvbss_size = (NVRAM_LIMIT - nvbss_begin)
                0x00000840                data_addr = ADDR (.data)
                0x01e23e74                data_begin = (text_begin + text_size)
                0x000007e0                data_size = SIZEOF (.data)
                0x00004a80                data_code_addr = ADDR (.data_code)
                0x01e24654                data_code_begin = (data_begin + data_size)
                0x00002304                data_code_size = SIZEOF (.data_code)
                0x000070e4                aec_addr = ADDR (.overlay_aec)
                0x01e26958                aec_begin = (data_code_begin + data_code_size)
                0x00000000                aec_size = SIZEOF (.overlay_aec)
                0x000070e4                aac_addr = ADDR (.overlay_aac)
                0x01e26958                aac_begin = (aec_begin + aec_size)
                0x00000000                aac_size = SIZEOF (.overlay_aac)
                0x01e26958                bank_code_load_addr = (aac_begin + aac_size)
                0x000070e8                PROVIDE (HEAP_BEGIN, _HEAP_BEGIN)
                0x0000fb60                PROVIDE (HEAP_END, _HEAP_END)
                0x00008a78                _MALLOC_SIZE = (_HEAP_END - _HEAP_BEGIN)
                [!provide]                PROVIDE (MALLOC_SIZE, (_HEAP_END - _HEAP_BEGIN))
                0x01e00120                report_text_beign = ADDR (.text)
                0x00023d54                report_text_size = SIZEOF (.text)
                0x01e23e74                report_text_end = (report_text_beign + report_text_size)
                0x00000000                report_mmu_tlb_begin = ADDR (.mmu_tlb)
                0x00000800                report_mmu_tlb_size = SIZEOF (.mmu_tlb)
                0x00000800                report_mmu_tlb_end = (report_mmu_tlb_begin + report_mmu_tlb_size)
                0x00000800                report_boot_info_begin = ADDR (.boot_info)
                0x00000040                report_boot_info_size = SIZEOF (.boot_info)
                0x00000840                report_boot_info_end = (report_boot_info_begin + report_boot_info_size)
                0x00001020                report_irq_stack_begin = ADDR (.irq_stack)
                0x00000820                report_irq_stack_size = SIZEOF (.irq_stack)
                0x00001840                report_irq_stack_end = (report_irq_stack_begin + report_irq_stack_size)
                0x00000840                report_data_begin = ADDR (.data)
                0x000007e0                report_data_size = SIZEOF (.data)
                0x00001020                report_data_end = (report_data_begin + report_data_size)
                0x00001840                report_bss_begin = ADDR (.bss)
                0x0000322c                report_bss_size = SIZEOF (.bss)
                0x00004a6c                report_bss_end = (report_bss_begin + report_bss_size)
                0x00004a80                report_data_code_begin = ADDR (.data_code)
                0x00002304                report_data_code_size = SIZEOF (.data_code)
                0x00006d84                report_data_code_end = (report_data_code_begin + report_data_code_size)
                0x000070e4                report_overlay_begin = __report_overlay_begin
                0x00000004                report_overlay_size = (__report_overlay_end - __report_overlay_begin)
                0x000070e8                report_overlay_end = __report_overlay_end
                0x000070e8                report_heap_beign = _HEAP_BEGIN
                0x00008a78                report_heap_size = (_HEAP_END - _HEAP_BEGIN)
                0x0000fb60                report_heap_end = _HEAP_END
                0x0000fb60                BD19_PHY_RAM_SIZE = PHY_RAM_SIZE
                0x0000f7ec                BD19_SDK_RAM_SIZE = (((((((report_mmu_tlb_size + report_boot_info_size) + report_irq_stack_size) + report_data_size) + report_bss_size) + report_overlay_size) + report_data_code_size) + report_heap_size)
LOAD C:\JL\pi32\q32s-lib\libm.a
LOAD C:\JL\pi32\q32s-lib\libc.a
LOAD C:\JL\pi32\q32s-lib\libm.a
LOAD C:\JL\pi32\q32s-lib\libcompiler-rt.a
OUTPUT(..\..\..\..\cpu\bd19\tools\sdk.elf elf32-q32s)

.debug_str      0x00000000    0x336a7
 .debug_str     0x00000000    0x336a7 ..\..\..\..\cpu\bd19\tools\sdk.elf.o
                              0x36c92 (size before relaxing)

.debug_loc      0x00000000    0x164ea
 .debug_loc     0x00000000    0x164ea ..\..\..\..\cpu\bd19\tools\sdk.elf.o

.debug_abbrev   0x00000000      0xfc9
 .debug_abbrev  0x00000000      0xf7b ..\..\..\..\cpu\bd19\tools\sdk.elf.o
 .debug_abbrev  0x00000f7b       0x26 ../../../../cpu/bd19/liba/cpu.a(startup.S.o)
 .debug_abbrev  0x00000fa1       0x28 ../../../../cpu/bd19/liba/system.a(port_asm_mmu.S.o)

.debug_info     0x00000000    0x8aca8
 .debug_info    0x00000000    0x8a8a0 ..\..\..\..\cpu\bd19\tools\sdk.elf.o
 .debug_info    0x0008a8a0      0x20c ../../../../cpu/bd19/liba/cpu.a(startup.S.o)
 .debug_info    0x0008aaac      0x1fc ../../../../cpu/bd19/liba/system.a(port_asm_mmu.S.o)

.debug_ranges   0x00000000     0x36f0
 .debug_ranges  0x00000000     0x36c8 ..\..\..\..\cpu\bd19\tools\sdk.elf.o
 .debug_ranges  0x000036c8       0x28 ../../../../cpu/bd19/liba/cpu.a(startup.S.o)

.debug_macinfo  0x00000000        0x1
 .debug_macinfo
                0x00000000        0x1 ..\..\..\..\cpu\bd19\tools\sdk.elf.o

.debug_pubnames
                0x00000000    0x15e1e
 .debug_pubnames
                0x00000000    0x15e1e ..\..\..\..\cpu\bd19\tools\sdk.elf.o

.debug_pubtypes
                0x00000000     0xf36d
 .debug_pubtypes
                0x00000000     0xf36d ..\..\..\..\cpu\bd19\tools\sdk.elf.o

.debug_frame    0x00000000     0x6cc0
 .debug_frame   0x00000000     0x6cc0 ..\..\..\..\cpu\bd19\tools\sdk.elf.o

.debug_line     0x00000000    0x37228
 .debug_line    0x00000000    0x36ffa ..\..\..\..\cpu\bd19\tools\sdk.elf.o
 .debug_line    0x00036ffa      0x10c ../../../../cpu/bd19/liba/cpu.a(startup.S.o)
 .debug_line    0x00037106       0xca ../../../../cpu/bd19/liba/system.a(port_asm_mmu.S.o)
 .debug_line    0x000371d0       0x2c ../../../../cpu/bd19/liba/btctrler.a(version.z.o)
 .debug_line    0x000371fc       0x2c ../../../../cpu/bd19/liba/update.a(version.z.o)

.debug_aranges  0x00000000       0x48
 .debug_aranges
                0x00000000       0x28 ../../../../cpu/bd19/liba/cpu.a(startup.S.o)
 .debug_aranges
                0x00000028       0x20 ../../../../cpu/bd19/liba/system.a(port_asm_mmu.S.o)
