LX51 LINKER/LOCATER V4.64.0.0                                                           07/25/2019  11:28:43  PAGE 1


LX51 LINKER/LOCATER V4.64.0.0, INVOKED BY:
C:\KEIL\C51\BIN\LX51.EXE .\output\uart.obj, .\output\main.obj, .\output\delay.obj, .\output\STARTUP.obj TO .\output\ca51
>> f3 PRINT (.\lst\ca51f3.map) REMOVEUNUSED CLASSES (XDATA (X:0X0-X:0X7FF), HDATA (X:0X0-X:0X7FF), CODE (C:0X0-C:0X7FFF)
>> , CONST (C:0X0-C:0X7FFF), ECODE (C:0X0-C:0X7FFF), HCONST (C:0X0-C:0X7FFF))


CPU MODE:     8051 MODE
MEMORY MODEL: SMALL


INPUT MODULES INCLUDED:
  .\output\uart.obj (UART)
         COMMENT TYPE 0: C51 V9.51
  .\output\main.obj (MAIN)
         COMMENT TYPE 0: C51 V9.51
  .\output\delay.obj (DELAY)
         COMMENT TYPE 0: C51 V9.51
  .\output\STARTUP.obj (?C_STARTUP)
         COMMENT TYPE 1: A51 / ASM51 Assembler
  C:\KEIL\C51\LIB\C51S.LIB (?C?CLDPTR)
         COMMENT TYPE 1: A51 / ASM51 Assembler
  C:\KEIL\C51\LIB\C51S.LIB (?C?ULCMP)
         COMMENT TYPE 1: A51 / ASM51 Assembler
  C:\KEIL\C51\LIB\C51S.LIB (?C?LLDCODE)
         COMMENT TYPE 1: A51 / ASM51 Assembler
  C:\KEIL\C51\LIB\C51S.LIB (VSPRINTF)
         COMMENT TYPE 1: A51 / ASM51 Assembler
  C:\KEIL\C51\LIB\C51S.LIB (PRINTF)
         COMMENT TYPE 1: A51 / ASM51 Assembler
  C:\KEIL\C51\LIB\C51S.LIB (?C?CLDOPTR)
         COMMENT TYPE 1: A51 / ASM51 Assembler
  C:\KEIL\C51\LIB\C51S.LIB (?C?CSTPTR)
         COMMENT TYPE 1: A51 / ASM51 Assembler
  C:\KEIL\C51\LIB\C51S.LIB (?C?PLDIIDATA)
         COMMENT TYPE 1: A51 / ASM51 Assembler
  C:\KEIL\C51\LIB\C51S.LIB (?C?CCASE)
         COMMENT TYPE 1: A51 / ASM51 Assembler
  C:\KEIL\C51\LIB\C51S.LIB (PUTCHAR)
         COMMENT TYPE 1: A51 / ASM51 Assembler


ACTIVE MEMORY CLASSES OF MODULE:  .\output\ca51f3 (UART)

BASE        START       END         USED      MEMORY CLASS
==========================================================
X:000000H   X:000000H   X:0007FFH   0001C7H   XDATA
X:000000H   X:000000H   X:0007FFH             HDATA
C:000000H   C:000000H   C:007FFFH   0006C3H   CODE
C:000000H   C:000000H   C:007FFFH   000040H   CONST
C:000000H   C:000000H   C:007FFFH             ECODE
B00:0000H   C:000000H   C:007FFFH             HCONST
I:000000H   I:000000H   I:00007FH   000037H   DATA
I:000020H.0 I:000020H.0 I:00002FH.7 000001H.2 BIT
I:000000H   I:000000H   I:0000FFH   000001H   IDATA


MEMORY MAP OF MODULE:  .\output\ca51f3 (UART)


START     STOP      LENGTH    ALIGN  RELOC    MEMORY CLASS   SEGMENT NAME
=========================================================================

* * * * * * * * * * *   D A T A   M E M O R Y   * * * * * * * * * * * * *
000000H   000007H   000008H   ---    AT..     DATA           "REG BANK 0"
000008H.0 00001FH.7 000018H.0 ---    ---      **GAP**
000020H.0 000021H.0 000001H.1 BIT    UNIT     BIT            _BIT_GROUP_
LX51 LINKER/LOCATER V4.64.0.0                                                         07/25/2019  11:28:43  PAGE 2


000021H.1 000021H.1 000000H.1 BIT    UNIT     BIT            ?BI?UART
000021H.2 000021H   000000H.6 ---    ---      **GAP**
000022H   000050H   00002FH   BYTE   UNIT     DATA           _DATA_GROUP_
000051H   000051H   000001H   BYTE   UNIT     IDATA          ?STACK

* * * * * * * * * * *   C O D E   M E M O R Y   * * * * * * * * * * * * *
000000H   000002H   000003H   ---    OFFS..   CODE           ?CO??C_STARTUP?0
000003H   00001DH   00001BH   BYTE   UNIT     CODE           ?PR?_DELAY_MS?DELAY
00001EH   000022H   000005H   ---    ---      **GAP**
000023H   000025H   000003H   BYTE   OFFS..   CODE           ?UART?00023
000026H   000381H   00035CH   BYTE   UNIT     CODE           ?PR?PRINTF?PRINTF
000382H   000430H   0000AFH   BYTE   UNIT     CODE           ?C?LIB_CODE
000431H   0004D0H   0000A0H   BYTE   UNIT     CODE           ?PR?_UART0_INITIAL?UART
0004D1H   00053AH   00006AH   BYTE   UNIT     CODE           ?PR?UART0_ISR?UART
00053BH   0005A3H   000069H   BYTE   UNIT     CODE           ?PR?_UART0_PUTCHAR?UART
0005A4H   0005D4H   000031H   BYTE   UNIT     CODE           ?CO?MAIN
0005D5H   000604H   000030H   BYTE   UNIT     CODE           ?PR?_UART_PRINTF?UART
000605H   000632H   00002EH   BYTE   UNIT     CODE           ?PR?_VSPRINTF?VSPRINTF
000633H   000659H   000027H   BYTE   UNIT     CODE           ?PR?MAIN?MAIN
00065AH   000680H   000027H   BYTE   UNIT     CODE           ?PR?PUTCHAR?PUTCHAR
000681H   0006A5H   000025H   BYTE   UNIT     CODE           ?PR?_UARTPUTSTR?UART
0006A6H   0006BBH   000016H   BYTE   UNIT     CODE           ?PR?_DELAY_50US?DELAY
0006BCH   0006C7H   00000CH   BYTE   UNIT     CODE           ?C_C51STARTUP
0006C8H   000707H   000040H   BYTE   UNIT     CONST          ?CO?UART

* * * * * * * * * * *  X D A T A   M E M O R Y  * * * * * * * * * * * * *
000000H   0000FFH   000100H   BYTE   UNIT     XDATA          _XDATA_GROUP_
000100H   00017BH   00007CH   BYTE   UNIT     XDATA          ?XD?UART
00017CH   007FFFH   007E84H   ---    ---      **GAP**
008000H   008000H   000001H   BYTE   OFFS..   XDATA          ?XD?MAIN?52
008001H   008001H   000001H   BYTE   OFFS..   XDATA          ?XD?MAIN?55
008002H   008002H   000001H   BYTE   OFFS..   XDATA          ?XD?MAIN?58
008003H   008003H   000001H   BYTE   OFFS..   XDATA          ?XD?MAIN?62
008004H   008004H   000001H   BYTE   OFFS..   XDATA          ?XD?MAIN?67
008005H   008005H   000001H   BYTE   OFFS..   XDATA          ?XD?MAIN?70
008006H   008006H   000001H   BYTE   OFFS..   XDATA          ?XD?MAIN?72
008007H   008007H   000001H   BYTE   OFFS..   XDATA          ?XD?MAIN?74
008008H   008017H   000010H   ---    ---      **GAP**
008018H   008018H   000001H   BYTE   OFFS..   XDATA          ?XD?MAIN?61
008019H   008019H   000001H   BYTE   OFFS..   XDATA          ?XD?MAIN?66
00801AH   00801AH   000001H   BYTE   OFFS..   XDATA          ?XD?MAIN?69
00801BH   00801BH   000001H   BYTE   OFFS..   XDATA          ?XD?MAIN?71
00801CH   00801CH   000001H   BYTE   OFFS..   XDATA          ?XD?MAIN?73
00801DH   00801DH   000001H   BYTE   OFFS..   XDATA          ?XD?MAIN?0
00801EH   00802FH   000012H   ---    ---      **GAP**
008030H   008030H   000001H   BYTE   OFFS..   XDATA          ?XD?MAIN?43
008031H   008031H   000001H   BYTE   OFFS..   XDATA          ?XD?MAIN?44
008032H   008032H   000001H   BYTE   OFFS..   XDATA          ?XD?MAIN?38
008033H   008033H   000001H   BYTE   OFFS..   XDATA          ?XD?MAIN?29
008034H   008034H   000001H   BYTE   OFFS..   XDATA          ?XD?MAIN?26
008035H   00804FH   00001BH   ---    ---      **GAP**
008050H   008050H   000001H   BYTE   OFFS..   XDATA          ?XD?MAIN?21
008051H   008051H   000001H   BYTE   OFFS..   XDATA          ?XD?MAIN?12
008052H   008052H   000001H   BYTE   OFFS..   XDATA          ?XD?MAIN?23
008053H   008053H   000001H   BYTE   OFFS..   XDATA          ?XD?MAIN?13
008054H   008054H   000001H   BYTE   OFFS..   XDATA          ?XD?MAIN?24
008055H   008055H   000001H   BYTE   OFFS..   XDATA          ?XD?MAIN?15
008056H   008056H   000001H   BYTE   OFFS..   XDATA          ?XD?MAIN?25
008057H   008057H   000001H   BYTE   OFFS..   XDATA          ?XD?MAIN?18
008058H   008058H   000001H   BYTE   OFFS..   XDATA          ?XD?MAIN?27
008059H   008059H   000001H   BYTE   OFFS..   XDATA          ?XD?MAIN?20
00805AH   00805AH   000001H   BYTE   OFFS..   XDATA          ?XD?MAIN?28
00805BH   00805BH   000001H   BYTE   OFFS..   XDATA          ?XD?MAIN?22
00805CH   00805CH   000001H   BYTE   OFFS..   XDATA          ?XD?MAIN?36
00805DH   00805DH   000001H   BYTE   OFFS..   XDATA          ?XD?MAIN?34
LX51 LINKER/LOCATER V4.64.0.0                                                         07/25/2019  11:28:43  PAGE 3


00805EH   00805FH   000002H   ---    ---      **GAP**
008060H   008060H   000001H   BYTE   OFFS..   XDATA          ?XD?MAIN?35
008061H   008061H   000001H   BYTE   OFFS..   XDATA          ?XD?MAIN?33
008062H   0080FFH   00009EH   ---    ---      **GAP**
008100H   008100H   000001H   BYTE   OFFS..   XDATA          ?XD?MAIN?6
008101H   008101H   000001H   BYTE   OFFS..   XDATA          ?XD?MAIN?17
008102H   008102H   000001H   BYTE   OFFS..   XDATA          ?XD?MAIN?2
008103H   008103H   000001H   BYTE   OFFS..   XDATA          ?XD?MAIN?5
008104H   008104H   000001H   ---    ---      **GAP**
008105H   008105H   000001H   BYTE   OFFS..   XDATA          ?XD?MAIN?30
008106H   008106H   000001H   BYTE   OFFS..   XDATA          ?XD?MAIN?39
008107H   008107H   000001H   BYTE   OFFS..   XDATA          ?XD?MAIN?16
008108H   008108H   000001H   BYTE   OFFS..   XDATA          ?XD?MAIN?1
008109H   008109H   000001H   BYTE   OFFS..   XDATA          ?XD?MAIN?65
00810AH   00810AH   000001H   BYTE   OFFS..   XDATA          ?XD?MAIN?3
00810BH   00810BH   000001H   BYTE   OFFS..   XDATA          ?XD?MAIN?10
00810CH   00810CH   000001H   BYTE   OFFS..   XDATA          ?XD?MAIN?8
00810DH   00810DH   000001H   BYTE   OFFS..   XDATA          ?XD?MAIN?11
00810EH   00810EH   000001H   BYTE   OFFS..   XDATA          ?XD?MAIN?9
00810FH   00810FH   000001H   BYTE   OFFS..   XDATA          ?XD?MAIN?4
008110H   008110H   000001H   BYTE   OFFS..   XDATA          ?XD?MAIN?37
008111H   008111H   000001H   BYTE   OFFS..   XDATA          ?XD?MAIN?40
008112H   008112H   000001H   BYTE   OFFS..   XDATA          ?XD?MAIN?19
008113H   00811FH   00000DH   ---    ---      **GAP**
008120H   008120H   000001H   BYTE   OFFS..   XDATA          ?XD?MAIN?47
008121H   008121H   000001H   BYTE   OFFS..   XDATA          ?XD?MAIN?48
008122H   008122H   000001H   BYTE   OFFS..   XDATA          ?XD?MAIN?49
008123H   008123H   000001H   BYTE   OFFS..   XDATA          ?XD?MAIN?51
008124H   008124H   000001H   BYTE   OFFS..   XDATA          ?XD?MAIN?54
008125H   008125H   000001H   BYTE   OFFS..   XDATA          ?XD?MAIN?57
008126H   008126H   000001H   BYTE   OFFS..   XDATA          ?XD?MAIN?60
008127H   008127H   000001H   BYTE   OFFS..   XDATA          ?XD?MAIN?64
008128H   008137H   000010H   ---    ---      **GAP**
008138H   008138H   000001H   BYTE   OFFS..   XDATA          ?XD?MAIN?50
008139H   008139H   000001H   BYTE   OFFS..   XDATA          ?XD?MAIN?53
00813AH   00813AH   000001H   BYTE   OFFS..   XDATA          ?XD?MAIN?56
00813BH   00813BH   000001H   BYTE   OFFS..   XDATA          ?XD?MAIN?59
00813CH   00813CH   000001H   BYTE   OFFS..   XDATA          ?XD?MAIN?63
00813DH   00813DH   000001H   BYTE   OFFS..   XDATA          ?XD?MAIN?68
00813EH   00FBFFH   007AC2H   ---    ---      **GAP**
00FC00H   00FC00H   000001H   BYTE   OFFS..   XDATA          ?XD?MAIN?46
00FC01H   00FC01H   000001H   BYTE   OFFS..   XDATA          ?XD?MAIN?42
00FC02H   00FC02H   000001H   BYTE   OFFS..   XDATA          ?XD?MAIN?45
00FC03H   00FC03H   000001H   BYTE   OFFS..   XDATA          ?XD?MAIN?14
00FC04H   00FC04H   000001H   BYTE   OFFS..   XDATA          ?XD?MAIN?41
00FC05H   00FC05H   000001H   BYTE   OFFS..   XDATA          ?XD?MAIN?32
00FC06H   00FC06H   000001H   BYTE   OFFS..   XDATA          ?XD?MAIN?31
00FC07H   00FC0CH   000006H   ---    ---      **GAP**
00FC0DH   00FC0DH   000001H   BYTE   OFFS..   XDATA          ?XD?MAIN?7



OVERLAY MAP OF MODULE:   .\output\ca51f3 (UART)


FUNCTION/MODULE              BIT_GROUP   DATA_GROUP   XDATA_GROUP
--> CALLED FUNCTION/MODULE  START  STOP  START  STOP  START  STOP
=================================================================
UART0_ISR/UART              ----- -----  ----- -----  ----- -----

*** NEW ROOT **************

?C_C51STARTUP               ----- -----  ----- -----  ----- -----
  +--> MAIN/MAIN

LX51 LINKER/LOCATER V4.64.0.0                                                         07/25/2019  11:28:43  PAGE 4


MAIN/MAIN                   ----- -----  ----- -----  ----- -----
  +--> _UART0_INITIAL/UART
  +--> ?CO?MAIN
  +--> _UART_PRINTF/UART
  +--> _DELAY_MS/DELAY

_UART0_INITIAL/UART         ----- -----  0022H 0028H  ----- -----
  +--> ?CO?UART

?CO?UART                    ----- -----  ----- -----  ----- -----

?CO?MAIN                    ----- -----  ----- -----  ----- -----

_UART_PRINTF/UART           ----- -----  0022H 0036H  0000H 00FFH
  +--> _VSPRINTF/VSPRINTF
  +--> _UARTPUTSTR/UART

_VSPRINTF/VSPRINTF          ----- -----  0037H 003CH  ----- -----
  +--> PRINTF/PRINTF

PRINTF/PRINTF               20H.0 21H.0  003DH 0050H  ----- -----
  +--> PUTCHAR/PUTCHAR

PUTCHAR/PUTCHAR             ----- -----  ----- -----  ----- -----

_UARTPUTSTR/UART            ----- -----  0037H 0039H  ----- -----
  +--> _UART0_PUTCHAR/UART

_UART0_PUTCHAR/UART         ----- -----  ----- -----  ----- -----

_DELAY_MS/DELAY             ----- -----  ----- -----  ----- -----
  +--> _DELAY_50US/DELAY

_DELAY_50US/DELAY           ----- -----  ----- -----  ----- -----



PUBLIC SYMBOLS OF MODULE:  .\output\ca51f3 (UART)


      VALUE       CLASS    TYPE      PUBLIC SYMBOL NAME
      =================================================
      0000003DH   DATA     ---       ?_PRINTF517?BYTE
      0000003DH   DATA     ---       ?_PRINTF?BYTE
      0000003DH   DATA     ---       ?_SPRINTF517?BYTE
      0000003DH   DATA     ---       ?_SPRINTF?BYTE
      00000022H   DATA     BYTE      ?_uart_printf?BYTE
      00010034H   DATA     ---       ?_VSPRINTF?BYTE
      0100040BH   CODE     ---       ?C?CCASE
      010003BCH   CODE     ---       ?C?CLDOPTR
      01000382H   CODE     ---       ?C?CLDPTR
      00000000H   NUMBER   ---       ?C?CODESEG
      010003E9H   CODE     ---       ?C?CSTPTR
      010003ACH   CODE     ---       ?C?LLDCODE
      010003FBH   CODE     ---       ?C?PLDIIDATA
      0100039BH   CODE     ---       ?C?ULCMP
      00000000H   NUMBER   ---       ?C?XDATASEG
      01000633H   CODE     ---       ?C_START
      01000000H   CODE     ---       ?C_STARTUP
      010006A6H   CODE     ---       _Delay_50us
      01000003H   CODE     ---       _Delay_ms
      01000088H   CODE     ---       _PRINTF
      01000088H   CODE     ---       _PRINTF517
      0100065AH   CODE     ---       _PUTCHAR
      01000082H   CODE     ---       _SPRINTF
LX51 LINKER/LOCATER V4.64.0.0                                                         07/25/2019  11:28:43  PAGE 5


      01000082H   CODE     ---       _SPRINTF517
      01000431H   CODE     ---       _Uart0_Initial
      0100053BH   CODE     ---       _Uart0_PutChar
      010005D5H   CODE     ---       _uart_printf
      01000681H   CODE     ---       _UartPutStr
      01000605H   CODE     ---       _VSPRINTF
*SFR* 000000D0H.6 DATA     BIT       AC
*SFR* 000000E0H   DATA     BYTE      ACC
*SFR* 000000DEH   DATA     BYTE      AK0CON
*SFR* 000000DFH   DATA     BYTE      AK1CON
*SFR* 000000F4H   DATA     BYTE      ATK0CH
*SFR* 000000F3H   DATA     BYTE      ATK0CL
      02008051H   XDATA    BYTE      ATK0NH
      02008050H   XDATA    BYTE      ATK0NL
*SFR* 000000F6H   DATA     BYTE      ATK1CH
*SFR* 000000F5H   DATA     BYTE      ATK1CL
      02008053H   XDATA    BYTE      ATK1NH
      02008052H   XDATA    BYTE      ATK1NL
*SFR* 000000E9H   DATA     BYTE      ATK2CH
*SFR* 000000F7H   DATA     BYTE      ATK2CL
      02008055H   XDATA    BYTE      ATK2NH
      02008054H   XDATA    BYTE      ATK2NL
*SFR* 000000EBH   DATA     BYTE      ATK3CH
*SFR* 000000EAH   DATA     BYTE      ATK3CL
      02008057H   XDATA    BYTE      ATK3NH
      02008056H   XDATA    BYTE      ATK3NL
*SFR* 000000EDH   DATA     BYTE      ATK4CH
*SFR* 000000ECH   DATA     BYTE      ATK4CL
      02008059H   XDATA    BYTE      ATK4NH
      02008058H   XDATA    BYTE      ATK4NL
*SFR* 000000EFH   DATA     BYTE      ATK5CH
*SFR* 000000EEH   DATA     BYTE      ATK5CL
      0200805BH   XDATA    BYTE      ATK5NH
      0200805AH   XDATA    BYTE      ATK5NL
*SFR* 000000F0H   DATA     BYTE      B
      02008030H   XDATA    BYTE      CKCON
      02008031H   XDATA    BYTE      CKDIV
*SFR* 000000D0H.7 DATA     BIT       CY
*SFR* 00000083H   DATA     BYTE      DP0H
*SFR* 00000082H   DATA     BYTE      DP0L
*SFR* 00000085H   DATA     BYTE      DP1H
*SFR* 00000084H   DATA     BYTE      DP1L
*SFR* 000000D0H.1 DATA     BIT       DPS
*SFR* 000000A8H.7 DATA     BIT       EA
*SFR* 000000D1H   DATA     BYTE      EP0CON
*SFR* 000000D2H   DATA     BYTE      EP1CON
*SFR* 000000D3H   DATA     BYTE      EP2CON
*SFR* 000000D4H   DATA     BYTE      EPIF
*SFR* 000000A8H.4 DATA     BIT       ES0
*SFR* 000000A8H.1 DATA     BIT       ET0
*SFR* 000000A8H.3 DATA     BIT       ET1
*SFR* 000000A8H   DATA     BIT       EX0
*SFR* 000000A8H.2 DATA     BIT       EX1
*SFR* 000000D0H.5 DATA     BIT       F0
      0200FC01H   XDATA    BYTE      FSCMD
      0200FC02H   XDATA    BYTE      FSDAT
*SFR* 000000C2H   DATA     BYTE      I2CADM
*SFR* 000000C1H   DATA     BYTE      I2CADR
*SFR* 000000C0H   DATA     BYTE      I2CCON
*SFR* 000000C3H   DATA     BYTE      I2CCR
*SFR* 000000C4H   DATA     BYTE      I2CDAT
*SFR* 000000C6H   DATA     BYTE      I2CFLG
      02008101H   XDATA    BYTE      I2CIOS
*SFR* 000000C5H   DATA     BYTE      I2CSTA
*SFR* 0000008EH   DATA     BYTE      IDLST
LX51 LINKER/LOCATER V4.64.0.0                                                         07/25/2019  11:28:43  PAGE 6


*SFR* 000000A8H   DATA     BYTE      IE
*SFR* 00000088H.1 DATA     BIT       IE0
*SFR* 00000088H.3 DATA     BIT       IE1
      02008032H   XDATA    BYTE      IHCFG
      02008034H   XDATA    BYTE      ILCFGH
      02008033H   XDATA    BYTE      ILCFGL
*SFR* 000000A8H.5 DATA     BIT       INT3EN
*SFR* 000000A8H.6 DATA     BIT       INT4EN
*SFR* 000000B8H   DATA     BYTE      IP
*SFR* 00000088H   DATA     BIT       IT0
*SFR* 00000088H.2 DATA     BIT       IT1
*SFR* 000000D7H   DATA     BYTE      LEDAT0
*SFR* 000000C7H   DATA     BYTE      LEDAT1
      02008061H   XDATA    BYTE      LEDUTH
      02008060H   XDATA    BYTE      LEDUTL
*SFR* 000000CFH   DATA     BYTE      LEDWTMH
*SFR* 000000CEH   DATA     BYTE      LEDWTML
*SFR* 000000BFH   DATA     BYTE      LEFLG
      0200FC03H   XDATA    BYTE      LOCK
      02008105H   XDATA    BYTE      LVDCFG
*SFR* 000000E8H   DATA     BYTE      LVDCON
      01000633H   CODE     ---       main
      0200FC00H   XDATA    BYTE      MECON
      0200FC0DH   XDATA    BYTE      MEMPTEC
*SFR* 000000D0H.2 DATA     BIT       OV
*SFR* 000000D0H   DATA     BIT       P
*SFR* 00000080H   DATA     BYTE      P0
*SFR* 00000080H   DATA     BIT       P00
      02008120H   XDATA    BYTE      P00C
      02008000H   XDATA    BYTE      P00F
*SFR* 00000080H.1 DATA     BIT       P01
      02008121H   XDATA    BYTE      P01C
      02008001H   XDATA    BYTE      P01F
*SFR* 00000080H.2 DATA     BIT       P02
      02008122H   XDATA    BYTE      P02C
      02008002H   XDATA    BYTE      P02F
*SFR* 00000080H.3 DATA     BIT       P03
      02008123H   XDATA    BYTE      P03C
      02008003H   XDATA    BYTE      P03F
*SFR* 00000080H.4 DATA     BIT       P04
      02008124H   XDATA    BYTE      P04C
      02008004H   XDATA    BYTE      P04F
*SFR* 00000080H.5 DATA     BIT       P05
      02008125H   XDATA    BYTE      P05C
      02008005H   XDATA    BYTE      P05F
*SFR* 00000080H.6 DATA     BIT       P06
      02008126H   XDATA    BYTE      P06C
      02008006H   XDATA    BYTE      P06F
*SFR* 00000080H.7 DATA     BIT       P07
      02008127H   XDATA    BYTE      P07C
      02008007H   XDATA    BYTE      P07F
*SFR* 000000B0H   DATA     BYTE      P3
*SFR* 000000B0H   DATA     BIT       P30
      02008138H   XDATA    BYTE      P30C
      02008018H   XDATA    BYTE      P30F
*SFR* 000000B0H.1 DATA     BIT       P31
      02008139H   XDATA    BYTE      P31C
      02008019H   XDATA    BYTE      P31F
*SFR* 000000B0H.2 DATA     BIT       P32
      0200813AH   XDATA    BYTE      P32C
      0200801AH   XDATA    BYTE      P32F
*SFR* 000000B0H.3 DATA     BIT       P33
      0200813BH   XDATA    BYTE      P33C
      0200801BH   XDATA    BYTE      P33F
*SFR* 000000B0H.4 DATA     BIT       P34
LX51 LINKER/LOCATER V4.64.0.0                                                         07/25/2019  11:28:43  PAGE 7


      0200813CH   XDATA    BYTE      P34C
      0200801CH   XDATA    BYTE      P34F
*SFR* 000000B0H.5 DATA     BIT       P35
      0200813DH   XDATA    BYTE      P35C
      0200801DH   XDATA    BYTE      P35F
      0200FC04H   XDATA    BYTE      PADRD
*SFR* 00000087H   DATA     BYTE      PCON
*SFR* 000000B8H.4 DATA     BIT       PS0
*SFR* 000000B8H.6 DATA     BIT       PS1
*SFR* 000000D0H   DATA     BYTE      PSW
*SFR* 000000B8H.1 DATA     BIT       PT0
*SFR* 000000B8H.3 DATA     BIT       PT1
*SFR* 000000B8H.5 DATA     BIT       PT2
      0200FC06H   XDATA    BYTE      PTSH
      0200FC05H   XDATA    BYTE      PTSL
*SFR* 00000086H   DATA     BYTE      PWCON
*SFR* 000000B1H   DATA     BYTE      PWM0CKD
*SFR* 000000B9H   DATA     BYTE      PWM0CON
*SFR* 000000AAH   DATA     BYTE      PWM0DIVH
*SFR* 000000A9H   DATA     BYTE      PWM0DIVL
*SFR* 0000009CH   DATA     BYTE      PWM0DUTH
*SFR* 0000009BH   DATA     BYTE      PWM0DUTL
*SFR* 000000B2H   DATA     BYTE      PWM1CKD
*SFR* 000000BAH   DATA     BYTE      PWM1CON
*SFR* 000000ACH   DATA     BYTE      PWM1DIVH
*SFR* 000000ABH   DATA     BYTE      PWM1DIVL
*SFR* 0000009EH   DATA     BYTE      PWM1DUTH
*SFR* 0000009DH   DATA     BYTE      PWM1DUTL
*SFR* 000000B3H   DATA     BYTE      PWM2CKD
*SFR* 000000BBH   DATA     BYTE      PWM2CON
*SFR* 000000AEH   DATA     BYTE      PWM2DIVH
*SFR* 000000ADH   DATA     BYTE      PWM2DIVL
*SFR* 00000091H   DATA     BYTE      PWM2DUTH
*SFR* 0000009FH   DATA     BYTE      PWM2DUTL
*SFR* 000000B4H   DATA     BYTE      PWM3CKD
*SFR* 000000BCH   DATA     BYTE      PWM3CON
*SFR* 000000A4H   DATA     BYTE      PWM3DIVH
*SFR* 000000AFH   DATA     BYTE      PWM3DIVL
*SFR* 00000093H   DATA     BYTE      PWM3DUTH
*SFR* 00000092H   DATA     BYTE      PWM3DUTL
*SFR* 000000B5H   DATA     BYTE      PWM4CKD
*SFR* 000000BDH   DATA     BYTE      PWM4CON
*SFR* 000000A6H   DATA     BYTE      PWM4DIVH
*SFR* 000000A5H   DATA     BYTE      PWM4DIVL
*SFR* 00000095H   DATA     BYTE      PWM4DUTH
*SFR* 00000094H   DATA     BYTE      PWM4DUTL
*SFR* 000000B6H   DATA     BYTE      PWM5CKD
*SFR* 000000BEH   DATA     BYTE      PWM5CON
*SFR* 0000009AH   DATA     BYTE      PWM5DIVH
*SFR* 000000A7H   DATA     BYTE      PWM5DIVL
*SFR* 00000097H   DATA     BYTE      PWM5DUTH
*SFR* 00000096H   DATA     BYTE      PWM5DUTL
*SFR* 00000090H   DATA     BYTE      PWMEN
*SFR* 000000B7H   DATA     BYTE      PWMIF
*SFR* 000000B8H   DATA     BIT       PX0
*SFR* 000000B8H.2 DATA     BIT       PX1
*SFR* 00000098H.2 DATA     BIT       RB8
*SFR* 00000098H.4 DATA     BIT       REN
*SFR* 00000098H   DATA     BIT       RI0
*SFR* 000000D0H.3 DATA     BIT       RS0
*SFR* 000000D0H.4 DATA     BIT       RS1
*SFR* 00000099H   DATA     BYTE      S0BUF
*SFR* 00000098H   DATA     BYTE      S0CON
*SFR* 00000098H.7 DATA     BIT       SM0
*SFR* 00000098H.6 DATA     BIT       SM1
LX51 LINKER/LOCATER V4.64.0.0                                                         07/25/2019  11:28:43  PAGE 8


*SFR* 00000098H.5 DATA     BIT       SM2
*SFR* 00000081H   DATA     BYTE      SP
      02008100H   XDATA    BYTE      SPMAX
*SFR* 0000008FH   DATA     BYTE      STPST
*SFR* 000000CBH   DATA     BYTE      T2CH
*SFR* 000000CAH   DATA     BYTE      T2CL
*SFR* 000000C8H   DATA     BYTE      T2CON
*SFR* 000000C8H.3 DATA     BIT       T2IE
*SFR* 000000C9H   DATA     BYTE      T2MOD
*SFR* 000000C8H   DATA     BIT       T2P0
*SFR* 000000C8H.1 DATA     BIT       T2P1
*SFR* 000000C8H.4 DATA     BIT       T2R0
*SFR* 000000C8H.5 DATA     BIT       T2R1
*SFR* 00000098H.3 DATA     BIT       TB8
*SFR* 00000088H   DATA     BYTE      TCON
*SFR* 00000088H.5 DATA     BIT       TF0
*SFR* 00000088H.7 DATA     BIT       TF1
*SFR* 000000C8H.7 DATA     BIT       TF2
*SFR* 0000008CH   DATA     BYTE      TH0
*SFR* 0000008DH   DATA     BYTE      TH1
*SFR* 000000CDH   DATA     BYTE      TH2
*SFR* 00000098H.1 DATA     BIT       TI0
*SFR* 000000FCH   DATA     BYTE      TK0CHS
*SFR* 000000E2H   DATA     BYTE      TK0MSH
*SFR* 000000E1H   DATA     BYTE      TK0MSL
*SFR* 000000FDH   DATA     BYTE      TK1CHS
*SFR* 000000E4H   DATA     BYTE      TK1MSH
*SFR* 000000E3H   DATA     BYTE      TK1MSL
*SFR* 000000FEH   DATA     BYTE      TK2CHS
*SFR* 000000E6H   DATA     BYTE      TK2MSH
*SFR* 000000E5H   DATA     BYTE      TK2MSL
*SFR* 000000FFH   DATA     BYTE      TK3CHS
*SFR* 000000D9H   DATA     BYTE      TK3MSH
*SFR* 000000E7H   DATA     BYTE      TK3MSL
*SFR* 000000F1H   DATA     BYTE      TK4CHS
*SFR* 000000DBH   DATA     BYTE      TK4MSH
*SFR* 000000DAH   DATA     BYTE      TK4MSL
*SFR* 000000F2H   DATA     BYTE      TK5CHS
*SFR* 000000DDH   DATA     BYTE      TK5MSH
*SFR* 000000DCH   DATA     BYTE      TK5MSL
*SFR* 000000F9H   DATA     BYTE      TKCFG
      02008102H   XDATA    BYTE      TKCKS
*SFR* 000000F8H   DATA     BYTE      TKCON
*SFR* 000000FBH   DATA     BYTE      TKIF
      0200805CH   XDATA    BYTE      TKMAXF
      0200805DH   XDATA    BYTE      TKMINF
*SFR* 000000FAH   DATA     BYTE      TKMTS
      02008103H   XDATA    BYTE      TKPWC
*SFR* 0000008AH   DATA     BYTE      TL0
*SFR* 0000008BH   DATA     BYTE      TL1
*SFR* 000000CCH   DATA     BYTE      TL2
      0200810AH   XDATA    BYTE      TLCKS
      0200810CH   XDATA    BYTE      TLCNTKH
      0200810BH   XDATA    BYTE      TLCNTKL
      0200810EH   XDATA    BYTE      TLCNTLH
      0200810DH   XDATA    BYTE      TLCNTLL
      02008110H   XDATA    BYTE      TLCOMS
      02008108H   XDATA    BYTE      TLCON
      02008107H   XDATA    BYTE      TLDAT0
      02008112H   XDATA    BYTE      TLDAT1
      0200810FH   XDATA    BYTE      TLDIV
      02008106H   XDATA    BYTE      TLEN0
      02008111H   XDATA    BYTE      TLEN1
      02008109H   XDATA    BYTE      TLFLG
*SFR* 000000D5H   DATA     BYTE      TMCON
LX51 LINKER/LOCATER V4.64.0.0                                                         07/25/2019  11:28:43  PAGE 9


*SFR* 00000089H   DATA     BYTE      TMOD
*SFR* 000000D6H   DATA     BYTE      TMSNU
*SFR* 00000088H.4 DATA     BIT       TR0
*SFR* 00000088H.6 DATA     BIT       TR1
*SFR* 000000C8H.6 DATA     BIT       TR2
      010004D1H   CODE     ---       UART0_ISR
      02000100H   XDATA    ---       uart0_rev
      02000102H   XDATA    ---       uart0_rx_buf
      0200017AH   XDATA    ---       uart0_send
      02000166H   XDATA    ---       uart0_tx_buf
      00000021H.1 BIT      BIT       uart0_tx_flag
*SFR* 000000C8H.2 DATA     BIT       UCKS
*SFR* 000000D8H   DATA     BYTE      UDCKS
*SFR* 000000A0H   DATA     BYTE      WDCON
*SFR* 000000A1H   DATA     BYTE      WDFLG
*SFR* 000000A3H   DATA     BYTE      WDVTHH
*SFR* 000000A2H   DATA     BYTE      WDVTHL



SYMBOL TABLE OF MODULE:  .\output\ca51f3 (UART)

      VALUE       REP       CLASS    TYPE      SYMBOL NAME
      ====================================================
      ---         MODULE    ---      ---       UART
      0200017AH   PUBLIC    XDATA    ---       uart0_send
      02000166H   PUBLIC    XDATA    ---       uart0_tx_buf
      02000102H   PUBLIC    XDATA    ---       uart0_rx_buf
      00000021H.1 PUBLIC    BIT      BIT       uart0_tx_flag
      02000100H   PUBLIC    XDATA    ---       uart0_rev
      00000022H   PUBLIC    DATA     BYTE      ?_uart_printf?BYTE
      010005D5H   PUBLIC    CODE     ---       _uart_printf
      01000681H   PUBLIC    CODE     ---       _UartPutStr
      010004D1H   PUBLIC    CODE     ---       UART0_ISR
      0100053BH   PUBLIC    CODE     ---       _Uart0_PutChar
      01000431H   PUBLIC    CODE     ---       _Uart0_Initial
      00000080H   SFRSYM    DATA     BYTE      P0
      000000F8H   SFRSYM    DATA     BYTE      TKCON
      0000008EH   SFRSYM    DATA     BYTE      IDLST
      000000D5H   SFRSYM    DATA     BYTE      TMCON
      000000B0H   SFRSYM    DATA     BYTE      P3
      000000D0H.6 SFRSYM    DATA     BIT       AC
      000000B7H   SFRSYM    DATA     BYTE      PWMIF
      000000A8H.7 SFRSYM    DATA     BIT       EA
      000000C8H   SFRSYM    DATA     BIT       T2P0
      000000B9H   SFRSYM    DATA     BYTE      PWM0CON
      000000C8H.1 SFRSYM    DATA     BIT       T2P1
      000000BAH   SFRSYM    DATA     BYTE      PWM1CON
      000000C8H.4 SFRSYM    DATA     BIT       T2R0
      000000BBH   SFRSYM    DATA     BYTE      PWM2CON
      00000090H   SFRSYM    DATA     BYTE      PWMEN
      00000086H   SFRSYM    DATA     BYTE      PWCON
      000000C8H.5 SFRSYM    DATA     BIT       T2R1
      000000BCH   SFRSYM    DATA     BYTE      PWM3CON
      000000BDH   SFRSYM    DATA     BYTE      PWM4CON
      000000BEH   SFRSYM    DATA     BYTE      PWM5CON
      00000083H   SFRSYM    DATA     BYTE      DP0H
      000000A8H   SFRSYM    DATA     BYTE      IE
      00000085H   SFRSYM    DATA     BYTE      DP1H
      00000082H   SFRSYM    DATA     BYTE      DP0L
      000000CBH   SFRSYM    DATA     BYTE      T2CH
      000000C2H   SFRSYM    DATA     BYTE      I2CADM
      00000084H   SFRSYM    DATA     BYTE      DP1L
      000000C8H.3 SFRSYM    DATA     BIT       T2IE
      000000FAH   SFRSYM    DATA     BYTE      TKMTS
LX51 LINKER/LOCATER V4.64.0.0                                                         07/25/2019  11:28:43  PAGE 10


      000000CAH   SFRSYM    DATA     BYTE      T2CL
      000000C1H   SFRSYM    DATA     BYTE      I2CADR
      000000CFH   SFRSYM    DATA     BYTE      LEDWTMH
      000000D6H   SFRSYM    DATA     BYTE      TMSNU
      000000C6H   SFRSYM    DATA     BYTE      I2CFLG
      000000C4H   SFRSYM    DATA     BYTE      I2CDAT
      000000B8H   SFRSYM    DATA     BYTE      IP
      000000D0H.7 SFRSYM    DATA     BIT       CY
      000000D7H   SFRSYM    DATA     BYTE      LEDAT0
      000000CEH   SFRSYM    DATA     BYTE      LEDWTML
      000000F4H   SFRSYM    DATA     BYTE      ATK0CH
      000000C7H   SFRSYM    DATA     BYTE      LEDAT1
      000000F6H   SFRSYM    DATA     BYTE      ATK1CH
      000000DEH   SFRSYM    DATA     BYTE      AK0CON
      000000E9H   SFRSYM    DATA     BYTE      ATK2CH
      000000DFH   SFRSYM    DATA     BYTE      AK1CON
      000000EBH   SFRSYM    DATA     BYTE      ATK3CH
      000000C0H   SFRSYM    DATA     BYTE      I2CCON
      0000008FH   SFRSYM    DATA     BYTE      STPST
      000000F3H   SFRSYM    DATA     BYTE      ATK0CL
      000000EDH   SFRSYM    DATA     BYTE      ATK4CH
      000000F5H   SFRSYM    DATA     BYTE      ATK1CL
      000000EFH   SFRSYM    DATA     BYTE      ATK5CH
      000000F7H   SFRSYM    DATA     BYTE      ATK2CL
      00000081H   SFRSYM    DATA     BYTE      SP
      000000EAH   SFRSYM    DATA     BYTE      ATK3CL
      000000D0H.2 SFRSYM    DATA     BIT       OV
      000000ECH   SFRSYM    DATA     BYTE      ATK4CL
      000000D4H   SFRSYM    DATA     BYTE      EPIF
      000000EEH   SFRSYM    DATA     BYTE      ATK5CL
      000000D1H   SFRSYM    DATA     BYTE      EP0CON
      000000D2H   SFRSYM    DATA     BYTE      EP1CON
      000000C5H   SFRSYM    DATA     BYTE      I2CSTA
      000000D3H   SFRSYM    DATA     BYTE      EP2CON
      000000FCH   SFRSYM    DATA     BYTE      TK0CHS
      000000FBH   SFRSYM    DATA     BYTE      TKIF
      00000080H   SFRSYM    DATA     BIT       P00
      000000FDH   SFRSYM    DATA     BYTE      TK1CHS
      00000080H.1 SFRSYM    DATA     BIT       P01
      000000FEH   SFRSYM    DATA     BYTE      TK2CHS
      00000087H   SFRSYM    DATA     BYTE      PCON
      00000080H.2 SFRSYM    DATA     BIT       P02
      000000FFH   SFRSYM    DATA     BYTE      TK3CHS
      000000B0H   SFRSYM    DATA     BIT       P30
      00000080H.3 SFRSYM    DATA     BIT       P03
      000000A8H.5 SFRSYM    DATA     BIT       INT3EN
      000000F1H   SFRSYM    DATA     BYTE      TK4CHS
      000000B0H.1 SFRSYM    DATA     BIT       P31
      00000080H.4 SFRSYM    DATA     BIT       P04
      000000A8H.6 SFRSYM    DATA     BIT       INT4EN
      000000F2H   SFRSYM    DATA     BYTE      TK5CHS
      000000B0H.2 SFRSYM    DATA     BIT       P32
      00000080H.5 SFRSYM    DATA     BIT       P05
      00000089H   SFRSYM    DATA     BYTE      TMOD
      00000088H   SFRSYM    DATA     BYTE      TCON
      000000B0H.3 SFRSYM    DATA     BIT       P33
      00000080H.6 SFRSYM    DATA     BIT       P06
      000000B0H.4 SFRSYM    DATA     BIT       P34
      00000080H.7 SFRSYM    DATA     BIT       P07
      000000C8H.2 SFRSYM    DATA     BIT       UCKS
      000000B0H.5 SFRSYM    DATA     BIT       P35
      000000E2H   SFRSYM    DATA     BYTE      TK0MSH
      000000E4H   SFRSYM    DATA     BYTE      TK1MSH
      000000E6H   SFRSYM    DATA     BYTE      TK2MSH
      000000D9H   SFRSYM    DATA     BYTE      TK3MSH
LX51 LINKER/LOCATER V4.64.0.0                                                         07/25/2019  11:28:43  PAGE 11


      000000E1H   SFRSYM    DATA     BYTE      TK0MSL
      000000DBH   SFRSYM    DATA     BYTE      TK4MSH
      00000088H.1 SFRSYM    DATA     BIT       IE0
      000000E3H   SFRSYM    DATA     BYTE      TK1MSL
      000000DDH   SFRSYM    DATA     BYTE      TK5MSH
      00000088H.3 SFRSYM    DATA     BIT       IE1
      000000E5H   SFRSYM    DATA     BYTE      TK2MSL
      000000E7H   SFRSYM    DATA     BYTE      TK3MSL
      000000F0H   SFRSYM    DATA     BYTE      B
      000000DAH   SFRSYM    DATA     BYTE      TK4MSL
      000000DCH   SFRSYM    DATA     BYTE      TK5MSL
      000000E0H   SFRSYM    DATA     BYTE      ACC
      000000A8H.4 SFRSYM    DATA     BIT       ES0
      000000E8H   SFRSYM    DATA     BYTE      LVDCON
      000000A8H.1 SFRSYM    DATA     BIT       ET0
      000000A8H.3 SFRSYM    DATA     BIT       ET1
      00000088H.5 SFRSYM    DATA     BIT       TF0
      00000098H   SFRSYM    DATA     BIT       RI0
      00000088H.7 SFRSYM    DATA     BIT       TF1
      000000C8H.7 SFRSYM    DATA     BIT       TF2
      00000098H.2 SFRSYM    DATA     BIT       RB8
      0000008CH   SFRSYM    DATA     BYTE      TH0
      000000A8H   SFRSYM    DATA     BIT       EX0
      00000098H.1 SFRSYM    DATA     BIT       TI0
      00000088H   SFRSYM    DATA     BIT       IT0
      0000008DH   SFRSYM    DATA     BYTE      TH1
      000000A8H.2 SFRSYM    DATA     BIT       EX1
      00000098H.3 SFRSYM    DATA     BIT       TB8
      00000088H.2 SFRSYM    DATA     BIT       IT1
      000000CDH   SFRSYM    DATA     BYTE      TH2
      000000D0H   SFRSYM    DATA     BIT       P
      00000098H.7 SFRSYM    DATA     BIT       SM0
      0000008AH   SFRSYM    DATA     BYTE      TL0
      00000098H.6 SFRSYM    DATA     BIT       SM1
      0000008BH   SFRSYM    DATA     BYTE      TL1
      00000098H.5 SFRSYM    DATA     BIT       SM2
      000000CCH   SFRSYM    DATA     BYTE      TL2
      000000AAH   SFRSYM    DATA     BYTE      PWM0DIVH
      000000B8H.4 SFRSYM    DATA     BIT       PS0
      000000ACH   SFRSYM    DATA     BYTE      PWM1DIVH
      000000B8H.1 SFRSYM    DATA     BIT       PT0
      000000B8H.6 SFRSYM    DATA     BIT       PS1
      000000C3H   SFRSYM    DATA     BYTE      I2CCR
      000000AEH   SFRSYM    DATA     BYTE      PWM2DIVH
      000000B8H.3 SFRSYM    DATA     BIT       PT1
      000000D0H.3 SFRSYM    DATA     BIT       RS0
      000000A4H   SFRSYM    DATA     BYTE      PWM3DIVH
      000000B8H.5 SFRSYM    DATA     BIT       PT2
      00000088H.4 SFRSYM    DATA     BIT       TR0
      000000D0H.4 SFRSYM    DATA     BIT       RS1
      000000A9H   SFRSYM    DATA     BYTE      PWM0DIVL
      000000A6H   SFRSYM    DATA     BYTE      PWM4DIVH
      00000088H.6 SFRSYM    DATA     BIT       TR1
      000000ABH   SFRSYM    DATA     BYTE      PWM1DIVL
      000000A3H   SFRSYM    DATA     BYTE      WDVTHH
      0000009AH   SFRSYM    DATA     BYTE      PWM5DIVH
      000000C8H.6 SFRSYM    DATA     BIT       TR2
      000000B8H   SFRSYM    DATA     BIT       PX0
      000000ADH   SFRSYM    DATA     BYTE      PWM2DIVL
      000000B8H.2 SFRSYM    DATA     BIT       PX1
      000000AFH   SFRSYM    DATA     BYTE      PWM3DIVL
      000000A5H   SFRSYM    DATA     BYTE      PWM4DIVL
      000000A7H   SFRSYM    DATA     BYTE      PWM5DIVL
      000000A2H   SFRSYM    DATA     BYTE      WDVTHL
      0000009CH   SFRSYM    DATA     BYTE      PWM0DUTH
LX51 LINKER/LOCATER V4.64.0.0                                                         07/25/2019  11:28:43  PAGE 12


      0000009EH   SFRSYM    DATA     BYTE      PWM1DUTH
      00000091H   SFRSYM    DATA     BYTE      PWM2DUTH
      00000093H   SFRSYM    DATA     BYTE      PWM3DUTH
      0000009BH   SFRSYM    DATA     BYTE      PWM0DUTL
      00000095H   SFRSYM    DATA     BYTE      PWM4DUTH
      0000009DH   SFRSYM    DATA     BYTE      PWM1DUTL
      00000099H   SFRSYM    DATA     BYTE      S0BUF
      00000097H   SFRSYM    DATA     BYTE      PWM5DUTH
      0000009FH   SFRSYM    DATA     BYTE      PWM2DUTL
      00000092H   SFRSYM    DATA     BYTE      PWM3DUTL
      00000098H   SFRSYM    DATA     BYTE      S0CON
      00000094H   SFRSYM    DATA     BYTE      PWM4DUTL
      00000098H.4 SFRSYM    DATA     BIT       REN
      00000096H   SFRSYM    DATA     BYTE      PWM5DUTL
      000000D0H.1 SFRSYM    DATA     BIT       DPS
      000000C9H   SFRSYM    DATA     BYTE      T2MOD
      000000C8H   SFRSYM    DATA     BYTE      T2CON
      000000BFH   SFRSYM    DATA     BYTE      LEFLG
      000000F9H   SFRSYM    DATA     BYTE      TKCFG
      000000D0H.5 SFRSYM    DATA     BIT       F0
      000000A1H   SFRSYM    DATA     BYTE      WDFLG
      000000B1H   SFRSYM    DATA     BYTE      PWM0CKD
      000000B2H   SFRSYM    DATA     BYTE      PWM1CKD
      000000D0H   SFRSYM    DATA     BYTE      PSW
      000000B3H   SFRSYM    DATA     BYTE      PWM2CKD
      000000D8H   SFRSYM    DATA     BYTE      UDCKS
      000000B4H   SFRSYM    DATA     BYTE      PWM3CKD
      000000B5H   SFRSYM    DATA     BYTE      PWM4CKD
      000000A0H   SFRSYM    DATA     BYTE      WDCON
      000000B6H   SFRSYM    DATA     BYTE      PWM5CKD

      01000431H   BLOCK     CODE     ---       LVL=0
      00000022H   SYMBOL    DATA     DWORD     baudrate
      01000439H   BLOCK     CODE     NEAR LAB  LVL=1
      010006C8H   SYMBOL    CONST    ---       BR_TAB
      010006E8H   SYMBOL    CONST    ---       BR_SET_TAB
      00000026H   SYMBOL    DATA     WORD      value_temp
      00000028H   SYMBOL    DATA     BYTE      i
      ---         BLOCKEND  ---      ---       LVL=1
      01000431H   LINE      CODE     ---       #21
      01000439H   LINE      CODE     ---       #22
      01000439H   LINE      CODE     ---       #48
      0100043EH   LINE      CODE     ---       #49
      01000440H   LINE      CODE     ---       #50
      01000444H   LINE      CODE     ---       #51
      01000446H   LINE      CODE     ---       #52
      01000448H   LINE      CODE     ---       #54
      0100044EH   LINE      CODE     ---       #55
      01000452H   LINE      CODE     ---       #57
      01000455H   LINE      CODE     ---       #58
      01000455H   LINE      CODE     ---       #59
      01000475H   LINE      CODE     ---       #60
      01000475H   LINE      CODE     ---       #61
      01000494H   LINE      CODE     ---       #62
      010004AAH   LINE      CODE     ---       #63
      010004ACH   LINE      CODE     ---       #64
      010004ACH   LINE      CODE     ---       #65
      010004B3H   LINE      CODE     ---       #66
      010004B9H   LINE      CODE     ---       #68
      010004BCH   LINE      CODE     ---       #69
      010004C1H   LINE      CODE     ---       #70
      010004C5H   LINE      CODE     ---       #71
      010004C7H   LINE      CODE     ---       #72
      010004C9H   LINE      CODE     ---       #73
      010004CBH   LINE      CODE     ---       #75
LX51 LINKER/LOCATER V4.64.0.0                                                         07/25/2019  11:28:43  PAGE 13


      010004CEH   LINE      CODE     ---       #76
      010004D0H   LINE      CODE     ---       #77
      ---         BLOCKEND  ---      ---       LVL=0

      0100053BH   BLOCK     CODE     ---       LVL=0
      00000007H   SYMBOL    DATA     BYTE      bdat
      0100053BH   BLOCK     CODE     NEAR LAB  LVL=1
      00000006H   SYMBOL    DATA     BYTE      free_space
      00000005H   SYMBOL    DATA     BYTE      tail_tmp
      ---         BLOCKEND  ---      ---       LVL=1
      0100053BH   LINE      CODE     ---       #78
      0100053BH   LINE      CODE     ---       #79
      0100053BH   LINE      CODE     ---       #82
      0100053BH   LINE      CODE     ---       #83
      0100053BH   LINE      CODE     ---       #84
      01000540H   LINE      CODE     ---       #85
      01000549H   LINE      CODE     ---       #86
      01000549H   LINE      CODE     ---       #87
      0100054DH   LINE      CODE     ---       #88
      0100054FH   LINE      CODE     ---       #90
      0100054FH   LINE      CODE     ---       #91
      0100055CH   LINE      CODE     ---       #92
      0100055CH   LINE      CODE     ---       #93
      01000562H   LINE      CODE     ---       #94
      01000562H   LINE      CODE     ---       #95
      01000564H   LINE      CODE     ---       #96
      0100056AH   LINE      CODE     ---       #97
      01000572H   LINE      CODE     ---       #98
      0100057EH   LINE      CODE     ---       #99
      01000581H   LINE      CODE     ---       #100
      01000581H   LINE      CODE     ---       #101
      01000583H   LINE      CODE     ---       #102
      01000589H   LINE      CODE     ---       #103
      01000591H   LINE      CODE     ---       #104
      0100059EH   LINE      CODE     ---       #105
      010005A0H   LINE      CODE     ---       #106
      010005A1H   LINE      CODE     ---       #108
      010005A1H   LINE      CODE     ---       #109
      010005A3H   LINE      CODE     ---       #110
      010005A3H   LINE      CODE     ---       #111
      010005A3H   LINE      CODE     ---       #112
      010005A3H   LINE      CODE     ---       #113
      010005A3H   LINE      CODE     ---       #114
      ---         BLOCKEND  ---      ---       LVL=0

      010004D1H   BLOCK     CODE     ---       LVL=0
      010004D1H   LINE      CODE     ---       #115
      010004E0H   LINE      CODE     ---       #117
      010004E3H   LINE      CODE     ---       #118
      010004E3H   LINE      CODE     ---       #119
      010004E5H   LINE      CODE     ---       #120
      010004EBH   LINE      CODE     ---       #121
      010004F3H   LINE      CODE     ---       #122
      01000500H   LINE      CODE     ---       #123
      01000500H   LINE      CODE     ---       #124
      01000503H   LINE      CODE     ---       #125
      01000503H   LINE      CODE     ---       #126
      01000505H   LINE      CODE     ---       #127
      01000511H   LINE      CODE     ---       #128
      01000511H   LINE      CODE     ---       #129
      01000515H   LINE      CODE     ---       #130
      0100051DH   LINE      CODE     ---       #131
      0100052AH   LINE      CODE     ---       #132
      0100052CH   LINE      CODE     ---       #134
      0100052CH   LINE      CODE     ---       #135
LX51 LINKER/LOCATER V4.64.0.0                                                         07/25/2019  11:28:43  PAGE 14


      0100052EH   LINE      CODE     ---       #136
      0100052EH   LINE      CODE     ---       #137
      0100052EH   LINE      CODE     ---       #138
      ---         BLOCKEND  ---      ---       LVL=0

      01000681H   BLOCK     CODE     ---       LVL=0
      00000037H   SYMBOL    DATA     ---       str
      01000681H   LINE      CODE     ---       #143
      01000687H   LINE      CODE     ---       #144
      01000687H   LINE      CODE     ---       #145
      01000692H   LINE      CODE     ---       #146
      01000692H   LINE      CODE     ---       #147
      010006A3H   LINE      CODE     ---       #148
      010006A5H   LINE      CODE     ---       #149
      ---         BLOCKEND  ---      ---       LVL=0

      010005D5H   BLOCK     CODE     ---       LVL=0
      00000022H   SYMBOL    DATA     ---       fmt
      010005DBH   BLOCK     CODE     NEAR LAB  LVL=1
      00000025H   SYMBOL    DATA     ---       ellipsis_15
      00000034H   SYMBOL    DATA     ---       ap
      02000000H   SYMBOL    XDATA    ---       string
      ---         BLOCKEND  ---      ---       LVL=1
      010005D5H   LINE      CODE     ---       #150
      010005DBH   LINE      CODE     ---       #151
      010005DBH   LINE      CODE     ---       #154
      010005E4H   LINE      CODE     ---       #155
      010005FCH   LINE      CODE     ---       #156
      ---         BLOCKEND  ---      ---       LVL=0

      ---         MODULE    ---      ---       MAIN
      02008007H   PUBLIC    XDATA    BYTE      P07F
      0200801CH   PUBLIC    XDATA    BYTE      P34F
      02008006H   PUBLIC    XDATA    BYTE      P06F
      0200801BH   PUBLIC    XDATA    BYTE      P33F
      02008005H   PUBLIC    XDATA    BYTE      P05F
      0200801AH   PUBLIC    XDATA    BYTE      P32F
      0200813DH   PUBLIC    XDATA    BYTE      P35C
      02008004H   PUBLIC    XDATA    BYTE      P04F
      02008019H   PUBLIC    XDATA    BYTE      P31F
      02008109H   PUBLIC    XDATA    BYTE      TLFLG
      02008127H   PUBLIC    XDATA    BYTE      P07C
      0200813CH   PUBLIC    XDATA    BYTE      P34C
      02008003H   PUBLIC    XDATA    BYTE      P03F
      02008018H   PUBLIC    XDATA    BYTE      P30F
      02008126H   PUBLIC    XDATA    BYTE      P06C
      0200813BH   PUBLIC    XDATA    BYTE      P33C
      02008002H   PUBLIC    XDATA    BYTE      P02F
      02008125H   PUBLIC    XDATA    BYTE      P05C
      0200813AH   PUBLIC    XDATA    BYTE      P32C
      02008001H   PUBLIC    XDATA    BYTE      P01F
      02008124H   PUBLIC    XDATA    BYTE      P04C
      02008139H   PUBLIC    XDATA    BYTE      P31C
      02008000H   PUBLIC    XDATA    BYTE      P00F
      02008123H   PUBLIC    XDATA    BYTE      P03C
      02008138H   PUBLIC    XDATA    BYTE      P30C
      02008122H   PUBLIC    XDATA    BYTE      P02C
      02008121H   PUBLIC    XDATA    BYTE      P01C
      02008120H   PUBLIC    XDATA    BYTE      P00C
      0200FC00H   PUBLIC    XDATA    BYTE      MECON
      0200FC02H   PUBLIC    XDATA    BYTE      FSDAT
      02008031H   PUBLIC    XDATA    BYTE      CKDIV
      02008030H   PUBLIC    XDATA    BYTE      CKCON
      0200FC01H   PUBLIC    XDATA    BYTE      FSCMD
      0200FC04H   PUBLIC    XDATA    BYTE      PADRD
LX51 LINKER/LOCATER V4.64.0.0                                                         07/25/2019  11:28:43  PAGE 15


      02008111H   PUBLIC    XDATA    BYTE      TLEN1
      02008106H   PUBLIC    XDATA    BYTE      TLEN0
      02008032H   PUBLIC    XDATA    BYTE      IHCFG
      02008110H   PUBLIC    XDATA    BYTE      TLCOMS
      0200805CH   PUBLIC    XDATA    BYTE      TKMAXF
      02008060H   PUBLIC    XDATA    BYTE      LEDUTL
      0200805DH   PUBLIC    XDATA    BYTE      TKMINF
      02008061H   PUBLIC    XDATA    BYTE      LEDUTH
      0200FC05H   PUBLIC    XDATA    BYTE      PTSL
      0200FC06H   PUBLIC    XDATA    BYTE      PTSH
      02008105H   PUBLIC    XDATA    BYTE      LVDCFG
      02008033H   PUBLIC    XDATA    BYTE      ILCFGL
      0200805AH   PUBLIC    XDATA    BYTE      ATK5NL
      02008058H   PUBLIC    XDATA    BYTE      ATK4NL
      02008034H   PUBLIC    XDATA    BYTE      ILCFGH
      02008056H   PUBLIC    XDATA    BYTE      ATK3NL
      02008054H   PUBLIC    XDATA    BYTE      ATK2NL
      02008052H   PUBLIC    XDATA    BYTE      ATK1NL
      0200805BH   PUBLIC    XDATA    BYTE      ATK5NH
      02008050H   PUBLIC    XDATA    BYTE      ATK0NL
      02008059H   PUBLIC    XDATA    BYTE      ATK4NH
      02008112H   PUBLIC    XDATA    BYTE      TLDAT1
      02008057H   PUBLIC    XDATA    BYTE      ATK3NH
      02008101H   PUBLIC    XDATA    BYTE      I2CIOS
      02008107H   PUBLIC    XDATA    BYTE      TLDAT0
      02008055H   PUBLIC    XDATA    BYTE      ATK2NH
      0200FC03H   PUBLIC    XDATA    BYTE      LOCK
      02008053H   PUBLIC    XDATA    BYTE      ATK1NH
      02008051H   PUBLIC    XDATA    BYTE      ATK0NH
      0200810DH   PUBLIC    XDATA    BYTE      TLCNTLL
      0200810BH   PUBLIC    XDATA    BYTE      TLCNTKL
      0200810EH   PUBLIC    XDATA    BYTE      TLCNTLH
      0200810CH   PUBLIC    XDATA    BYTE      TLCNTKH
      0200FC0DH   PUBLIC    XDATA    BYTE      MEMPTEC
      02008100H   PUBLIC    XDATA    BYTE      SPMAX
      02008103H   PUBLIC    XDATA    BYTE      TKPWC
      0200810FH   PUBLIC    XDATA    BYTE      TLDIV
      0200810AH   PUBLIC    XDATA    BYTE      TLCKS
      02008102H   PUBLIC    XDATA    BYTE      TKCKS
      02008108H   PUBLIC    XDATA    BYTE      TLCON
      0200801DH   PUBLIC    XDATA    BYTE      P35F
      01000633H   PUBLIC    CODE     ---       main
      00000080H   SFRSYM    DATA     BYTE      P0
      000000F8H   SFRSYM    DATA     BYTE      TKCON
      0000008EH   SFRSYM    DATA     BYTE      IDLST
      000000D5H   SFRSYM    DATA     BYTE      TMCON
      000000B0H   SFRSYM    DATA     BYTE      P3
      000000D0H.6 SFRSYM    DATA     BIT       AC
      000000B7H   SFRSYM    DATA     BYTE      PWMIF
      000000A8H.7 SFRSYM    DATA     BIT       EA
      000000C8H   SFRSYM    DATA     BIT       T2P0
      000000B9H   SFRSYM    DATA     BYTE      PWM0CON
      000000C8H.1 SFRSYM    DATA     BIT       T2P1
      000000BAH   SFRSYM    DATA     BYTE      PWM1CON
      000000C8H.4 SFRSYM    DATA     BIT       T2R0
      000000BBH   SFRSYM    DATA     BYTE      PWM2CON
      00000090H   SFRSYM    DATA     BYTE      PWMEN
      00000086H   SFRSYM    DATA     BYTE      PWCON
      000000C8H.5 SFRSYM    DATA     BIT       T2R1
      000000BCH   SFRSYM    DATA     BYTE      PWM3CON
      000000BDH   SFRSYM    DATA     BYTE      PWM4CON
      000000BEH   SFRSYM    DATA     BYTE      PWM5CON
      00000083H   SFRSYM    DATA     BYTE      DP0H
      000000A8H   SFRSYM    DATA     BYTE      IE
      00000085H   SFRSYM    DATA     BYTE      DP1H
LX51 LINKER/LOCATER V4.64.0.0                                                         07/25/2019  11:28:43  PAGE 16


      00000082H   SFRSYM    DATA     BYTE      DP0L
      000000CBH   SFRSYM    DATA     BYTE      T2CH
      000000C2H   SFRSYM    DATA     BYTE      I2CADM
      00000084H   SFRSYM    DATA     BYTE      DP1L
      000000C8H.3 SFRSYM    DATA     BIT       T2IE
      000000FAH   SFRSYM    DATA     BYTE      TKMTS
      000000CAH   SFRSYM    DATA     BYTE      T2CL
      000000C1H   SFRSYM    DATA     BYTE      I2CADR
      000000CFH   SFRSYM    DATA     BYTE      LEDWTMH
      000000D6H   SFRSYM    DATA     BYTE      TMSNU
      000000C6H   SFRSYM    DATA     BYTE      I2CFLG
      000000C4H   SFRSYM    DATA     BYTE      I2CDAT
      000000B8H   SFRSYM    DATA     BYTE      IP
      000000D0H.7 SFRSYM    DATA     BIT       CY
      000000D7H   SFRSYM    DATA     BYTE      LEDAT0
      000000CEH   SFRSYM    DATA     BYTE      LEDWTML
      000000F4H   SFRSYM    DATA     BYTE      ATK0CH
      000000C7H   SFRSYM    DATA     BYTE      LEDAT1
      000000F6H   SFRSYM    DATA     BYTE      ATK1CH
      000000DEH   SFRSYM    DATA     BYTE      AK0CON
      000000E9H   SFRSYM    DATA     BYTE      ATK2CH
      000000DFH   SFRSYM    DATA     BYTE      AK1CON
      000000EBH   SFRSYM    DATA     BYTE      ATK3CH
      000000C0H   SFRSYM    DATA     BYTE      I2CCON
      0000008FH   SFRSYM    DATA     BYTE      STPST
      000000F3H   SFRSYM    DATA     BYTE      ATK0CL
      000000EDH   SFRSYM    DATA     BYTE      ATK4CH
      000000F5H   SFRSYM    DATA     BYTE      ATK1CL
      000000EFH   SFRSYM    DATA     BYTE      ATK5CH
      000000F7H   SFRSYM    DATA     BYTE      ATK2CL
      00000081H   SFRSYM    DATA     BYTE      SP
      000000EAH   SFRSYM    DATA     BYTE      ATK3CL
      000000D0H.2 SFRSYM    DATA     BIT       OV
      000000ECH   SFRSYM    DATA     BYTE      ATK4CL
      000000D4H   SFRSYM    DATA     BYTE      EPIF
      000000EEH   SFRSYM    DATA     BYTE      ATK5CL
      000000D1H   SFRSYM    DATA     BYTE      EP0CON
      000000D2H   SFRSYM    DATA     BYTE      EP1CON
      000000C5H   SFRSYM    DATA     BYTE      I2CSTA
      000000D3H   SFRSYM    DATA     BYTE      EP2CON
      000000FCH   SFRSYM    DATA     BYTE      TK0CHS
      000000FBH   SFRSYM    DATA     BYTE      TKIF
      00000080H   SFRSYM    DATA     BIT       P00
      000000FDH   SFRSYM    DATA     BYTE      TK1CHS
      00000080H.1 SFRSYM    DATA     BIT       P01
      000000FEH   SFRSYM    DATA     BYTE      TK2CHS
      00000087H   SFRSYM    DATA     BYTE      PCON
      00000080H.2 SFRSYM    DATA     BIT       P02
      000000FFH   SFRSYM    DATA     BYTE      TK3CHS
      000000B0H   SFRSYM    DATA     BIT       P30
      00000080H.3 SFRSYM    DATA     BIT       P03
      000000A8H.5 SFRSYM    DATA     BIT       INT3EN
      000000F1H   SFRSYM    DATA     BYTE      TK4CHS
      000000B0H.1 SFRSYM    DATA     BIT       P31
      00000080H.4 SFRSYM    DATA     BIT       P04
      000000A8H.6 SFRSYM    DATA     BIT       INT4EN
      000000F2H   SFRSYM    DATA     BYTE      TK5CHS
      000000B0H.2 SFRSYM    DATA     BIT       P32
      00000080H.5 SFRSYM    DATA     BIT       P05
      00000089H   SFRSYM    DATA     BYTE      TMOD
      00000088H   SFRSYM    DATA     BYTE      TCON
      000000B0H.3 SFRSYM    DATA     BIT       P33
      00000080H.6 SFRSYM    DATA     BIT       P06
      000000B0H.4 SFRSYM    DATA     BIT       P34
      00000080H.7 SFRSYM    DATA     BIT       P07
LX51 LINKER/LOCATER V4.64.0.0                                                         07/25/2019  11:28:43  PAGE 17


      000000C8H.2 SFRSYM    DATA     BIT       UCKS
      000000B0H.5 SFRSYM    DATA     BIT       P35
      000000E2H   SFRSYM    DATA     BYTE      TK0MSH
      000000E4H   SFRSYM    DATA     BYTE      TK1MSH
      000000E6H   SFRSYM    DATA     BYTE      TK2MSH
      000000D9H   SFRSYM    DATA     BYTE      TK3MSH
      000000E1H   SFRSYM    DATA     BYTE      TK0MSL
      000000DBH   SFRSYM    DATA     BYTE      TK4MSH
      00000088H.1 SFRSYM    DATA     BIT       IE0
      000000E3H   SFRSYM    DATA     BYTE      TK1MSL
      000000DDH   SFRSYM    DATA     BYTE      TK5MSH
      00000088H.3 SFRSYM    DATA     BIT       IE1
      000000E5H   SFRSYM    DATA     BYTE      TK2MSL
      000000E7H   SFRSYM    DATA     BYTE      TK3MSL
      000000F0H   SFRSYM    DATA     BYTE      B
      000000DAH   SFRSYM    DATA     BYTE      TK4MSL
      000000DCH   SFRSYM    DATA     BYTE      TK5MSL
      000000E0H   SFRSYM    DATA     BYTE      ACC
      000000A8H.4 SFRSYM    DATA     BIT       ES0
      000000E8H   SFRSYM    DATA     BYTE      LVDCON
      000000A8H.1 SFRSYM    DATA     BIT       ET0
      000000A8H.3 SFRSYM    DATA     BIT       ET1
      00000088H.5 SFRSYM    DATA     BIT       TF0
      00000098H   SFRSYM    DATA     BIT       RI0
      00000088H.7 SFRSYM    DATA     BIT       TF1
      000000C8H.7 SFRSYM    DATA     BIT       TF2
      00000098H.2 SFRSYM    DATA     BIT       RB8
      0000008CH   SFRSYM    DATA     BYTE      TH0
      000000A8H   SFRSYM    DATA     BIT       EX0
      00000098H.1 SFRSYM    DATA     BIT       TI0
      00000088H   SFRSYM    DATA     BIT       IT0
      0000008DH   SFRSYM    DATA     BYTE      TH1
      000000A8H.2 SFRSYM    DATA     BIT       EX1
      00000098H.3 SFRSYM    DATA     BIT       TB8
      00000088H.2 SFRSYM    DATA     BIT       IT1
      000000CDH   SFRSYM    DATA     BYTE      TH2
      000000D0H   SFRSYM    DATA     BIT       P
      00000098H.7 SFRSYM    DATA     BIT       SM0
      0000008AH   SFRSYM    DATA     BYTE      TL0
      00000098H.6 SFRSYM    DATA     BIT       SM1
      0000008BH   SFRSYM    DATA     BYTE      TL1
      00000098H.5 SFRSYM    DATA     BIT       SM2
      000000CCH   SFRSYM    DATA     BYTE      TL2
      000000AAH   SFRSYM    DATA     BYTE      PWM0DIVH
      000000B8H.4 SFRSYM    DATA     BIT       PS0
      000000ACH   SFRSYM    DATA     BYTE      PWM1DIVH
      000000B8H.1 SFRSYM    DATA     BIT       PT0
      000000B8H.6 SFRSYM    DATA     BIT       PS1
      000000C3H   SFRSYM    DATA     BYTE      I2CCR
      000000AEH   SFRSYM    DATA     BYTE      PWM2DIVH
      000000B8H.3 SFRSYM    DATA     BIT       PT1
      000000D0H.3 SFRSYM    DATA     BIT       RS0
      000000A4H   SFRSYM    DATA     BYTE      PWM3DIVH
      000000B8H.5 SFRSYM    DATA     BIT       PT2
      00000088H.4 SFRSYM    DATA     BIT       TR0
      000000D0H.4 SFRSYM    DATA     BIT       RS1
      000000A9H   SFRSYM    DATA     BYTE      PWM0DIVL
      000000A6H   SFRSYM    DATA     BYTE      PWM4DIVH
      00000088H.6 SFRSYM    DATA     BIT       TR1
      000000ABH   SFRSYM    DATA     BYTE      PWM1DIVL
      000000A3H   SFRSYM    DATA     BYTE      WDVTHH
      0000009AH   SFRSYM    DATA     BYTE      PWM5DIVH
      000000C8H.6 SFRSYM    DATA     BIT       TR2
      000000B8H   SFRSYM    DATA     BIT       PX0
      000000ADH   SFRSYM    DATA     BYTE      PWM2DIVL
LX51 LINKER/LOCATER V4.64.0.0                                                         07/25/2019  11:28:43  PAGE 18


      000000B8H.2 SFRSYM    DATA     BIT       PX1
      000000AFH   SFRSYM    DATA     BYTE      PWM3DIVL
      000000A5H   SFRSYM    DATA     BYTE      PWM4DIVL
      000000A7H   SFRSYM    DATA     BYTE      PWM5DIVL
      000000A2H   SFRSYM    DATA     BYTE      WDVTHL
      0000009CH   SFRSYM    DATA     BYTE      PWM0DUTH
      0000009EH   SFRSYM    DATA     BYTE      PWM1DUTH
      00000091H   SFRSYM    DATA     BYTE      PWM2DUTH
      00000093H   SFRSYM    DATA     BYTE      PWM3DUTH
      0000009BH   SFRSYM    DATA     BYTE      PWM0DUTL
      00000095H   SFRSYM    DATA     BYTE      PWM4DUTH
      0000009DH   SFRSYM    DATA     BYTE      PWM1DUTL
      00000099H   SFRSYM    DATA     BYTE      S0BUF
      00000097H   SFRSYM    DATA     BYTE      PWM5DUTH
      0000009FH   SFRSYM    DATA     BYTE      PWM2DUTL
      00000092H   SFRSYM    DATA     BYTE      PWM3DUTL
      00000098H   SFRSYM    DATA     BYTE      S0CON
      00000094H   SFRSYM    DATA     BYTE      PWM4DUTL
      00000098H.4 SFRSYM    DATA     BIT       REN
      00000096H   SFRSYM    DATA     BYTE      PWM5DUTL
      000000D0H.1 SFRSYM    DATA     BIT       DPS
      000000C9H   SFRSYM    DATA     BYTE      T2MOD
      000000C8H   SFRSYM    DATA     BYTE      T2CON
      000000BFH   SFRSYM    DATA     BYTE      LEFLG
      000000F9H   SFRSYM    DATA     BYTE      TKCFG
      000000D0H.5 SFRSYM    DATA     BIT       F0
      000000A1H   SFRSYM    DATA     BYTE      WDFLG
      000000B1H   SFRSYM    DATA     BYTE      PWM0CKD
      000000B2H   SFRSYM    DATA     BYTE      PWM1CKD
      000000D0H   SFRSYM    DATA     BYTE      PSW
      000000B3H   SFRSYM    DATA     BYTE      PWM2CKD
      000000D8H   SFRSYM    DATA     BYTE      UDCKS
      000000B4H   SFRSYM    DATA     BYTE      PWM3CKD
      000000B5H   SFRSYM    DATA     BYTE      PWM4CKD
      000000A0H   SFRSYM    DATA     BYTE      WDCON
      000000B6H   SFRSYM    DATA     BYTE      PWM5CKD

      01000633H   BLOCK     CODE     ---       LVL=0
      01000633H   LINE      CODE     ---       #17
      01000633H   LINE      CODE     ---       #18
      01000633H   LINE      CODE     ---       #20
      0100063EH   LINE      CODE     ---       #23
      01000640H   LINE      CODE     ---       #26
      01000649H   LINE      CODE     ---       #30
      0100064FH   LINE      CODE     ---       #31
      0100064FH   LINE      CODE     ---       #32
      0100064FH   LINE      CODE     ---       #33
      01000651H   LINE      CODE     ---       #34
      01000658H   LINE      CODE     ---       #35
      ---         BLOCKEND  ---      ---       LVL=0

      ---         MODULE    ---      ---       DELAY
      01000003H   PUBLIC    CODE     ---       _Delay_ms
      010006A6H   PUBLIC    CODE     ---       _Delay_50us

      010006A6H   BLOCK     CODE     ---       LVL=0
      00000006H   SYMBOL    DATA     WORD      n
      010006A6H   BLOCK     CODE     NEAR LAB  LVL=1
      00000005H   SYMBOL    DATA     BYTE      i
      ---         BLOCKEND  ---      ---       LVL=1
      010006A6H   LINE      CODE     ---       #4
      010006A6H   LINE      CODE     ---       #5
      010006A6H   LINE      CODE     ---       #7
      010006B0H   LINE      CODE     ---       #8
      010006B0H   LINE      CODE     ---       #9
LX51 LINKER/LOCATER V4.64.0.0                                                         07/25/2019  11:28:43  PAGE 19


      010006BBH   LINE      CODE     ---       #10
      010006BBH   LINE      CODE     ---       #11
      ---         BLOCKEND  ---      ---       LVL=0

      01000003H   BLOCK     CODE     ---       LVL=0
      00000082H   SYMBOL    DATA     WORD      delay_nms
      01000003H   LINE      CODE     ---       #12
      01000007H   LINE      CODE     ---       #13
      01000007H   LINE      CODE     ---       #14
      01000014H   LINE      CODE     ---       #15
      01000014H   LINE      CODE     ---       #16
      0100001BH   LINE      CODE     ---       #17
      0100001DH   LINE      CODE     ---       #18
      ---         BLOCKEND  ---      ---       LVL=0

      ---         MODULE    ---      ---       ?C_STARTUP
      01000000H   PUBLIC    CODE     ---       ?C_STARTUP
      000000E0H   SYMBOL    DATA     ---       ACC
      000000F0H   SYMBOL    DATA     ---       B
      00000083H   SYMBOL    DATA     ---       DPH
      00000082H   SYMBOL    DATA     ---       DPL
      00000000H   SYMBOL    NUMBER   ---       IBPSTACK
      00000100H   SYMBOL    NUMBER   ---       IBPSTACKTOP
      00000080H   SYMBOL    NUMBER   ---       IDATALEN
      010006BFH   SYMBOL    CODE     ---       IDATALOOP
      00000000H   SYMBOL    NUMBER   ---       PBPSTACK
      00000100H   SYMBOL    NUMBER   ---       PBPSTACKTOP
      00000000H   SYMBOL    NUMBER   ---       PDATALEN
      00000000H   SYMBOL    NUMBER   ---       PDATASTART
      00000000H   SYMBOL    NUMBER   ---       PPAGE
      00000000H   SYMBOL    NUMBER   ---       PPAGEENABLE
      000000A0H   SYMBOL    DATA     ---       PPAGE_SFR
      00000081H   SYMBOL    DATA     ---       SP
      010006BCH   SYMBOL    CODE     ---       STARTUP1
      00000000H   SYMBOL    NUMBER   ---       XBPSTACK
      00000000H   SYMBOL    NUMBER   ---       XBPSTACKTOP
      00000000H   SYMBOL    NUMBER   ---       XDATALEN
      00000000H   SYMBOL    NUMBER   ---       XDATASTART
      01000000H   LINE      CODE     ---       #126
      010006BCH   LINE      CODE     ---       #133
      010006BEH   LINE      CODE     ---       #134
      010006BFH   LINE      CODE     ---       #135
      010006C0H   LINE      CODE     ---       #136
      010006C2H   LINE      CODE     ---       #185
      010006C5H   LINE      CODE     ---       #196

      ---         MODULE    ---      ---       ?C?CLDPTR
      01000382H   PUBLIC    CODE     ---       ?C?CLDPTR

      ---         MODULE    ---      ---       ?C?ULCMP
      0100039BH   PUBLIC    CODE     ---       ?C?ULCMP

      ---         MODULE    ---      ---       ?C?LLDCODE
      010003ACH   PUBLIC    CODE     ---       ?C?LLDCODE

      ---         MODULE    ---      ---       VSPRINTF
      00010034H   PUBLIC    DATA     ---       ?_VSPRINTF?BYTE
      01000605H   PUBLIC    CODE     ---       _VSPRINTF

      ---         MODULE    ---      ---       PRINTF
      0000003DH   PUBLIC    DATA     ---       ?_PRINTF517?BYTE
      0000003DH   PUBLIC    DATA     ---       ?_PRINTF?BYTE
      0000003DH   PUBLIC    DATA     ---       ?_SPRINTF517?BYTE
      0000003DH   PUBLIC    DATA     ---       ?_SPRINTF?BYTE
      01000088H   PUBLIC    CODE     ---       _PRINTF
LX51 LINKER/LOCATER V4.64.0.0                                                         07/25/2019  11:28:43  PAGE 20


      01000088H   PUBLIC    CODE     ---       _PRINTF517
      01000082H   PUBLIC    CODE     ---       _SPRINTF
      01000082H   PUBLIC    CODE     ---       _SPRINTF517

      ---         MODULE    ---      ---       ?C?CLDOPTR
      010003BCH   PUBLIC    CODE     ---       ?C?CLDOPTR

      ---         MODULE    ---      ---       ?C?CSTPTR
      010003E9H   PUBLIC    CODE     ---       ?C?CSTPTR

      ---         MODULE    ---      ---       ?C?PLDIIDATA
      010003FBH   PUBLIC    CODE     ---       ?C?PLDIIDATA

      ---         MODULE    ---      ---       ?C?CCASE
      0100040BH   PUBLIC    CODE     ---       ?C?CCASE

      ---         MODULE    ---      ---       PUTCHAR
      0100065AH   PUBLIC    CODE     ---       _PUTCHAR

Program Size: data=57.2 xdata=455 const=64 code=1731
LX51 RUN COMPLETE.  0 WARNING(S),  0 ERROR(S)
